<html>
<body>
<pre>
<h1>礦ision Build Log</h1>
<h2>Tool Versions:</h2>
IDE-Version: μVision V5.27.1.0
Copyright (C) 2019 ARM Ltd and ARM Germany GmbH. All rights reserved.
License Information:        ,       , LIC=Y2BKP-MAXSQ-PEGH1-CSCF0-DGA9Q-5A70Y
 
Tool Versions:
Toolchain:       MDK-ARM Professional  Version: 5.27.1.0
Toolchain Path:  F:\Program Files(x86)\Keil_v5\ARM\ARMCC\Bin
C Compiler:      Armcc.exe V5.06 update 6 (build 750)
Assembler:       Armasm.exe V5.06 update 6 (build 750)
Linker/Locator:  ArmLink.exe V5.06 update 6 (build 750)
Library Manager: ArmAr.exe V5.06 update 6 (build 750)
Hex Converter:   FromElf.exe V5.06 update 6 (build 750)
CPU DLL:         SARMCM3.DLL V5.27.1.0
Dialog DLL:      DCM.DLL V1.17.2.0
Target DLL:      CMSIS_AGDI.dll V1.31.17.0
Dialog DLL:      TCM.DLL V1.36.1.0
 
<h2>Project:</h2>
F:\嵌入式学习\STM32学习测试代码\做个示波器202007\adc+graph界面设计2 - 副本\Project\RVMDK（uv5）\Fire_F103.uvprojx
Project File Date:  07/18/2020

<h2>Output:</h2>
*** Using Compiler 'V5.06 update 6 (build 750)', folder: 'F:\Program Files(x86)\Keil_v5\ARM\ARMCC\Bin'
Build target 'Fire_F103'
compiling DataProcess.c...
..\..\STemWin_Task\DataProcess.c(41): warning:  #177-D: variable "y1"  was declared but never referenced
      double y1, y2, x0, x1, x2;
..\..\STemWin_Task\DataProcess.c(41): warning:  #177-D: variable "y2"  was declared but never referenced
      double y1, y2, x0, x1, x2;
..\..\STemWin_Task\DataProcess.c(41): warning:  #177-D: variable "x0"  was declared but never referenced
      double y1, y2, x0, x1, x2;
..\..\STemWin_Task\DataProcess.c(41): warning:  #177-D: variable "x1"  was declared but never referenced
      double y1, y2, x0, x1, x2;
..\..\STemWin_Task\DataProcess.c(41): warning:  #177-D: variable "x2"  was declared but never referenced
      double y1, y2, x0, x1, x2;
..\..\STemWin_Task\DataProcess.c: 5 warnings, 0 errors
linking...
Program Size: Code=82140 RO-data=29148 RW-data=956 ZI-data=55944  
FromELF: creating hex file...
"..\..\Output\Fire_F103.axf" - 0 Error(s), 5 Warning(s).

<h2>Software Packages used:</h2>

Package Vendor: Keil
                http://www.keil.com/pack/Keil.STM32F1xx_DFP.1.1.0.pack
                Keil.STM32F1xx_DFP.1.1.0
                STMicroelectronics STM32F1 Series Device Support, Drivers and Examples

<h2>Collection of Component include folders:</h2>
  .\RTE\_Fire_F103
  F:\Program Files(x86)\Keil_v5\Arm\Packs\Keil\STM32F1xx_DFP\1.1.0\Device\Include

<h2>Collection of Component Files used:</h2>
Build Time Elapsed:  00:00:02
</pre>
</body>
</html>
