<!doctype html public "-//w3c//dtd html 4.0 transitional//en">
<html><head>
<title>Static Call Graph - [..\..\Output\Fire_F103.axf]</title></head>
<body><HR>
<H1>Static Call Graph for image ..\..\Output\Fire_F103.axf</H1><HR>
<BR><P>#&#060CALLGRAPH&#062# ARM Linker, 5060750: Last Updated: Mon Dec 14 13:43:08 2020
<BR><P>
<H3>Maximum Stack Usage =        592 bytes + Unknown(Functions without stacksize, Cycles, Untraceable Function Pointers)</H3><H3>
Call chain for Maximum Stack Depth:</H3>
CPU_Task &rArr; vTaskList &rArr; uxTaskGetSystemState &rArr; prvListTasksWithinSingleList &rArr; vTaskGetInfo &rArr; xTaskResumeAll &rArr; xTaskIncrementTick &rArr; __2printf
<P>
<H3>
Functions with no stack information
</H3><UL>
 <LI><a href="#[5e]">BUTTON_Callback</a>
 <LI><a href="#[124]">BUTTON_CreateEx</a>
 <LI><a href="#[125]">BUTTON_CreateUser</a>
 <LI><a href="#[4]">BUTTON_DrawSkinFlex</a>
 <LI><a href="#[139]">BUTTON_GetText</a>
 <LI><a href="#[13b]">BUTTON_IsPressed</a>
 <LI><a href="#[13c]">BUTTON_SetText</a>
 <LI><a href="#[5f]">FRAMEWIN_Callback</a>
 <LI><a href="#[14c]">FRAMEWIN_CreateEx</a>
 <LI><a href="#[14d]">FRAMEWIN_CreateUser</a>
 <LI><a href="#[6]">FRAMEWIN_DrawSkinFlex</a>
 <LI><a href="#[150]">FRAMEWIN_GetActive</a>
 <LI><a href="#[61]">FRAMEWIN_OwnerDraw</a>
 <LI><a href="#[148]">FRAMEWIN_SetActive</a>
 <LI><a href="#[158]">FRAMEWIN_SetOwnerDraw</a>
 <LI><a href="#[159]">FRAMEWIN_SetSkinClassic</a>
 <LI><a href="#[14f]">FRAMEWIN_SetText</a>
 <LI><a href="#[15d]">FRAMEWIN_SetTitleVis</a>
 <LI><a href="#[13f]">FRAMEWIN__CalcPositions</a>
 <LI><a href="#[15a]">FRAMEWIN__CalcTitleHeight</a>
 <LI><a href="#[5]">FRAMEWIN__GetBorderSize</a>
 <LI><a href="#[163]">FRAMEWIN__GetTitleLimits</a>
 <LI><a href="#[15c]">FRAMEWIN__UpdateButtons</a>
 <LI><a href="#[15b]">FRAMEWIN__UpdatePositions</a>
 <LI><a href="#[16e]">GL_DrawBitmap</a>
 <LI><a href="#[171]">GL_DrawLine</a>
 <LI><a href="#[173]">GL_DrawLine1Ex</a>
 <LI><a href="#[172]">GL_DrawLineEx</a>
 <LI><a href="#[174]">GL_DrawPoint</a>
 <LI><a href="#[17a]">GL_FillCircle</a>
 <LI><a href="#[179]">GL_FillPolygon</a>
 <LI><a href="#[17c]">GL_SetDefault</a>
 <LI><a href="#[181]">GUIDRV_FlexColor_Config</a>
 <LI><a href="#[183]">GUIDRV_FlexColor_SetFunc</a>
 <LI><a href="#[9e]">GUIDRV_FlexColor_SetFunc66709</a>
 <LI><a href="#[9d]">GUIDRV_FlexColor_SetMode16bppC0B16</a>
 <LI><a href="#[6a]">GUIDRV_FlexColor__GetPixelIndexNoCache</a>
 <LI><a href="#[182]">GUIDRV_FlexColor__InitOnce</a>
 <LI><a href="#[6e]">GUIDRV_FlexColor__SetLog2Phys</a>
 <LI><a href="#[6b]">GUIDRV_FlexColor__SetPixelIndexNoCache</a>
 <LI><a href="#[e2]">GUIMONO_DispChar</a>
 <LI><a href="#[e3]">GUIMONO_GetCharDistX</a>
 <LI><a href="#[e4]">GUIMONO_GetFontInfo</a>
 <LI><a href="#[e5]">GUIMONO_IsInFont</a>
 <LI><a href="#[c9]">GUIPROP_DispChar</a>
 <LI><a href="#[ca]">GUIPROP_GetCharDistX</a>
 <LI><a href="#[cb]">GUIPROP_GetFontInfo</a>
 <LI><a href="#[cc]">GUIPROP_IsInFont</a>
 <LI><a href="#[187]">GUIPROP__FindChar</a>
 <LI><a href="#[18a]">GUITASK_CopyContext</a>
 <LI><a href="#[18c]">GUITASK_Init</a>
 <LI><a href="#[18f]">GUI_AA_DrawRoundedRect</a>
 <LI><a href="#[196]">GUI_AA_Exit</a>
 <LI><a href="#[199]">GUI_AA_FillRoundedRect</a>
 <LI><a href="#[193]">GUI_AA_HiRes2Pixel</a>
 <LI><a href="#[19a]">GUI_AA_Init</a>
 <LI><a href="#[195]">GUI_AA_Init_HiRes</a>
 <LI><a href="#[19e]">GUI_ALLOC_AllocNoInit</a>
 <LI><a href="#[1a0]">GUI_ALLOC_AllocZero</a>
 <LI><a href="#[337]">GUI_ALLOC_AssignMemory</a>
 <LI><a href="#[1a1]">GUI_ALLOC_Free</a>
 <LI><a href="#[1be]">GUI_ALLOC_FreeFixedBlock</a>
 <LI><a href="#[11e]">GUI_ALLOC_FreePtr</a>
 <LI><a href="#[11f]">GUI_ALLOC_FreePtrArray</a>
 <LI><a href="#[184]">GUI_ALLOC_GetFixedBlock</a>
 <LI><a href="#[1a7]">GUI_ALLOC_GetMaxSize</a>
 <LI><a href="#[265]">GUI_ALLOC_GetSize</a>
 <LI><a href="#[1c3]">GUI_ALLOC_Lock</a>
 <LI><a href="#[11c]">GUI_ALLOC_LockH</a>
 <LI><a href="#[1a9]">GUI_ALLOC_RequestSize</a>
 <LI><a href="#[1c5]">GUI_ALLOC_Unlock</a>
 <LI><a href="#[11d]">GUI_ALLOC_UnlockH</a>
 <LI><a href="#[1a8]">GUI_ALLOC_h2p</a>
 <LI><a href="#[1c7]">GUI_AddDecShift</a>
 <LI><a href="#[28c]">GUI_AddSign</a>
 <LI><a href="#[1aa]">GUI_CURSOR_SelectEx</a>
 <LI><a href="#[1b2]">GUI_CURSOR_SetPositionEx</a>
 <LI><a href="#[1b5]">GUI_CURSOR_Show</a>
 <LI><a href="#[1b6]">GUI_CURSOR_ShowEx</a>
 <LI><a href="#[2e8]">GUI_CalcColorDist</a>
 <LI><a href="#[16c]">GUI_Clear</a>
 <LI><a href="#[1b8]">GUI_ClearRect</a>
 <LI><a href="#[1b9]">GUI_ClearRectEx</a>
 <LI><a href="#[1ba]">GUI_DEVICE_Create</a>
 <LI><a href="#[1bb]">GUI_DEVICE_CreateAndLink</a>
 <LI><a href="#[1bd]">GUI_DEVICE_Delete</a>
 <LI><a href="#[1bc]">GUI_DEVICE_Link</a>
 <LI><a href="#[1bf]">GUI_DEVICE_LinkDevices</a>
 <LI><a href="#[27e]">GUI_DEVICE_Unlink</a>
 <LI><a href="#[1f9]">GUI_DEVICE_UnlinkTaskDevices</a>
 <LI><a href="#[200]">GUI_DEVICE__GetpDriver</a>
 <LI><a href="#[133]">GUI_DRAW__Draw</a>
 <LI><a href="#[1c0]">GUI_Delay</a>
 <LI><a href="#[1c6]">GUI_DispDecAt</a>
 <LI><a href="#[1c9]">GUI_DispString</a>
 <LI><a href="#[1c8]">GUI_DispStringAt</a>
 <LI><a href="#[138]">GUI_DispStringInRect</a>
 <LI><a href="#[1d0]">GUI_DispStringInRectMax</a>
 <LI><a href="#[1d4]">GUI_DispStringInRectWrap</a>
 <LI><a href="#[1ad]">GUI_DrawBitmap</a>
 <LI><a href="#[131]">GUI_DrawGradientV</a>
 <LI><a href="#[1d9]">GUI_DrawGraph</a>
 <LI><a href="#[12d]">GUI_DrawHLine</a>
 <LI><a href="#[1da]">GUI_DrawLine</a>
 <LI><a href="#[152]">GUI_DrawPixel</a>
 <LI><a href="#[1db]">GUI_DrawPoint</a>
 <LI><a href="#[130]">GUI_DrawRect</a>
 <LI><a href="#[12e]">GUI_DrawVLine</a>
 <LI><a href="#[1c2]">GUI_Exec</a>
 <LI><a href="#[1dc]">GUI_Exec1</a>
 <LI><a href="#[12f]">GUI_FillRect</a>
 <LI><a href="#[153]">GUI_FillRectEx</a>
 <LI><a href="#[1de]">GUI_GetBitmapPixelIndex</a>
 <LI><a href="#[1df]">GUI_GetBitmapPixelIndexEx</a>
 <LI><a href="#[21c]">GUI_GetBitsPerPixelEx</a>
 <LI><a href="#[189]">GUI_GetBkColor</a>
 <LI><a href="#[1e2]">GUI_GetCharDistX</a>
 <LI><a href="#[1e3]">GUI_GetCharDistXEx</a>
 <LI><a href="#[135]">GUI_GetClientRect</a>
 <LI><a href="#[188]">GUI_GetColor</a>
 <LI><a href="#[1ab]">GUI_GetCursorLayer</a>
 <LI><a href="#[1ca]">GUI_GetFontDistY</a>
 <LI><a href="#[1e6]">GUI_GetLayerPosEx</a>
 <LI><a href="#[1e8]">GUI_GetOrg</a>
 <LI><a href="#[192]">GUI_GetPenSize</a>
 <LI><a href="#[1e9]">GUI_GetStringDistX</a>
 <LI><a href="#[257]">GUI_GetVersionString</a>
 <LI><a href="#[1cb]">GUI_GetYAdjust</a>
 <LI><a href="#[164]">GUI_GetYSizeOfFont</a>
 <LI><a href="#[21e]">GUI_GetpfColor2IndexEx</a>
 <LI><a href="#[21d]">GUI_GetpfIndex2ColorEx</a>
 <LI><a href="#[1b7]">GUI_GotoXY</a>
 <LI><a href="#[1eb]">GUI_Init</a>
 <LI><a href="#[126]">GUI_Lock</a>
 <LI><a href="#[28b]">GUI_Long2Len</a>
 <LI><a href="#[1fa]">GUI_MEMDEV_Clear</a>
 <LI><a href="#[1fb]">GUI_MEMDEV_CopyToLCD</a>
 <LI><a href="#[1fc]">GUI_MEMDEV_CopyToLCDAt</a>
 <LI><a href="#[1ff]">GUI_MEMDEV_CreateEx</a>
 <LI><a href="#[202]">GUI_MEMDEV_Delete</a>
 <LI><a href="#[205]">GUI_MEMDEV_Draw</a>
 <LI><a href="#[20e]">GUI_MEMDEV_GetBitsPerPixel</a>
 <LI><a href="#[210]">GUI_MEMDEV_GetDataPtr</a>
 <LI><a href="#[20a]">GUI_MEMDEV_GetYSize</a>
 <LI><a href="#[8c]">GUI_MEMDEV_Paint1Static</a>
 <LI><a href="#[20c]">GUI_MEMDEV_ReduceYSize</a>
 <LI><a href="#[1fe]">GUI_MEMDEV_Select</a>
 <LI><a href="#[20d]">GUI_MEMDEV_SetOrg</a>
 <LI><a href="#[212]">GUI_MEMDEV_Write</a>
 <LI><a href="#[216]">GUI_MEMDEV_WriteAt</a>
 <LI><a href="#[201]">GUI_MEMDEV__CreateFixed</a>
 <LI><a href="#[89]">GUI_MEMDEV__WriteToActiveAlpha</a>
 <LI><a href="#[217]">GUI_MEMDEV__WriteToActiveAt</a>
 <LI><a href="#[88]">GUI_MEMDEV__WriteToActiveOpaque</a>
 <LI><a href="#[2c9]">GUI_MergeRect</a>
 <LI><a href="#[136]">GUI_MoveRect</a>
 <LI><a href="#[2b2]">GUI_PID_GetState</a>
 <LI><a href="#[2b1]">GUI_PID_IsEmpty</a>
 <LI><a href="#[222]">GUI_PID_StoreState</a>
 <LI><a href="#[224]">GUI_PollKeyMsg</a>
 <LI><a href="#[226]">GUI_ReadRectEx</a>
 <LI><a href="#[293]">GUI_RectsIntersect</a>
 <LI><a href="#[228]">GUI_RestoreContext</a>
 <LI><a href="#[1af]">GUI_SPRITE_Delete</a>
 <LI><a href="#[1b4]">GUI_SPRITE_SetPosition</a>
 <LI><a href="#[231]">GUI_SPRITE_Show</a>
 <LI><a href="#[1b0]">GUI_SPRITE__CreateEx</a>
 <LI><a href="#[235]">GUI_SaveContext_W</a>
 <LI><a href="#[203]">GUI_SelectLCD</a>
 <LI><a href="#[1ac]">GUI_SelectLayer</a>
 <LI><a href="#[17d]">GUI_SetBkColor</a>
 <LI><a href="#[12c]">GUI_SetColor</a>
 <LI><a href="#[16f]">GUI_SetDrawMode</a>
 <LI><a href="#[134]">GUI_SetFont</a>
 <LI><a href="#[1b3]">GUI_SetLayerPosEx</a>
 <LI><a href="#[1ae]">GUI_SetLayerSizeEx</a>
 <LI><a href="#[239]">GUI_SetLayerVisEx</a>
 <LI><a href="#[180]">GUI_SetLineStyle</a>
 <LI><a href="#[1f5]">GUI_SetOrg</a>
 <LI><a href="#[17e]">GUI_SetPenSize</a>
 <LI><a href="#[17f]">GUI_SetTextAlign</a>
 <LI><a href="#[137]">GUI_SetTextMode</a>
 <LI><a href="#[223]">GUI_SignalEvent</a>
 <LI><a href="#[23b]">GUI_StoreKey</a>
 <LI><a href="#[23c]">GUI_TIMER_Delete</a>
 <LI><a href="#[23e]">GUI_TIMER_GetFlag</a>
 <LI><a href="#[23f]">GUI_TIMER__GetFirstTimer</a>
 <LI><a href="#[240]">GUI_TIMER__GetNextTimerLin</a>
 <LI><a href="#[241]">GUI_TOUCH_CalcCoefficients</a>
 <LI><a href="#[244]">GUI_TOUCH_Calibrate</a>
 <LI><a href="#[245]">GUI_TOUCH_CalibratePoint</a>
 <LI><a href="#[247]">GUI_TOUCH_Exec</a>
 <LI><a href="#[24c]">GUI_TOUCH_GetLayer</a>
 <LI><a href="#[34d]">GUI_TOUCH_SetOrientation</a>
 <LI><a href="#[24d]">GUI_TOUCH_StoreStateEx</a>
 <LI><a href="#[246]">GUI_TOUCH_TransformPoint</a>
 <LI><a href="#[25f]">GUI_UC__GetCharCodeInc</a>
 <LI><a href="#[1cf]">GUI_UC__NumChars2NumBytes</a>
 <LI><a href="#[2ed]">GUI_USAGE_AddRect</a>
 <LI><a href="#[218]">GUI_USAGE_BM_Create</a>
 <LI><a href="#[204]">GUI_USAGE_DecUseCnt</a>
 <LI><a href="#[129]">GUI_Unlock</a>
 <LI><a href="#[1d5]">GUI_WrapGetNumLines</a>
 <LI><a href="#[251]">GUI__AllocAlphaBuffer</a>
 <LI><a href="#[253]">GUI__AlphaPreserveTrans</a>
 <LI><a href="#[154]">GUI__CalcTextRect</a>
 <LI><a href="#[2e9]">GUI__CompactPixelIndices</a>
 <LI><a href="#[255]">GUI__CompactPixelIndicesEx</a>
 <LI><a href="#[1ec]">GUI__Config</a>
 <LI><a href="#[256]">GUI__ConvertColor2Index</a>
 <LI><a href="#[1ce]">GUI__DispLine</a>
 <LI><a href="#[1d3]">GUI__DispStringInRect</a>
 <LI><a href="#[25c]">GUI__DoAlphaBlending</a>
 <LI><a href="#[151]">GUI__DrawTwinArc2</a>
 <LI><a href="#[12b]">GUI__DrawTwinArc4</a>
 <LI><a href="#[25d]">GUI__ExpandPixelIndicesEx</a>
 <LI><a href="#[252]">GUI__GetAlphaBuffer</a>
 <LI><a href="#[1cd]">GUI__GetLineDistX</a>
 <LI><a href="#[1cc]">GUI__GetLineNumChars</a>
 <LI><a href="#[1ea]">GUI__GetNumChars</a>
 <LI><a href="#[260]">GUI__GetOverlap</a>
 <LI><a href="#[25b]">GUI__HandleEOLine</a>
 <LI><a href="#[2be]">GUI__IntersectRect</a>
 <LI><a href="#[1d2]">GUI__IntersectRects</a>
 <LI><a href="#[261]">GUI__ManageCache</a>
 <LI><a href="#[262]">GUI__ManageCacheEx</a>
 <LI><a href="#[12]">GUI__MixColors</a>
 <LI><a href="#[13]">GUI__MixColorsBulk</a>
 <LI><a href="#[295]">GUI__ReduceRect</a>
 <LI><a href="#[18d]">GUI__RegisterExit</a>
 <LI><a href="#[13d]">GUI__SetText</a>
 <LI><a href="#[1d7]">GUI__WrapGetNumBytesToNextLine</a>
 <LI><a href="#[1d6]">GUI__WrapGetNumCharsDisp</a>
 <LI><a href="#[267]">GUI__WrapGetNumCharsToNextLine</a>
 <LI><a href="#[2f0]">GUI__memset16</a>
 <LI><a href="#[2f4]">GUI__sqrt32</a>
 <LI><a href="#[269]">GUI__strcmp</a>
 <LI><a href="#[263]">GUI__strcmp_hp</a>
 <LI><a href="#[264]">GUI__strlen</a>
 <LI><a href="#[177]">GUI_cos</a>
 <LI><a href="#[178]">GUI_sin</a>
 <LI><a href="#[14]">LCD_AA_MixColors16</a>
 <LI><a href="#[254]">LCD_AA_SetOrMask</a>
 <LI><a href="#[27a]">LCD_Color2Index</a>
 <LI><a href="#[170]">LCD_DrawBitmap</a>
 <LI><a href="#[73]">LCD_DrawHLine</a>
 <LI><a href="#[ac]">LCD_DrawPixel</a>
 <LI><a href="#[175]">LCD_DrawVLine</a>
 <LI><a href="#[186]">LCD_FillRect</a>
 <LI><a href="#[26a]">LCD_GetBitsPerPixelEx</a>
 <LI><a href="#[1e0]">LCD_GetBkColorIndex</a>
 <LI><a href="#[1e5]">LCD_GetColorIndex</a>
 <LI><a href="#[26c]">LCD_GetMirrorXEx</a>
 <LI><a href="#[26d]">LCD_GetMirrorYEx</a>
 <LI><a href="#[26e]">LCD_GetNumColors</a>
 <LI><a href="#[26f]">LCD_GetNumColorsEx</a>
 <LI><a href="#[270]">LCD_GetNumLayers</a>
 <LI><a href="#[271]">LCD_GetPalette</a>
 <LI><a href="#[272]">LCD_GetPaletteEx</a>
 <LI><a href="#[273]">LCD_GetPixelColor</a>
 <LI><a href="#[274]">LCD_GetPixelIndex</a>
 <LI><a href="#[1e7]">LCD_GetPosEx</a>
 <LI><a href="#[275]">LCD_GetSwapXYEx</a>
 <LI><a href="#[208]">LCD_GetVXSizeEx</a>
 <LI><a href="#[19b]">LCD_GetVXSizeMax</a>
 <LI><a href="#[209]">LCD_GetVYSizeEx</a>
 <LI><a href="#[277]">LCD_GetXSize</a>
 <LI><a href="#[1f0]">LCD_GetXSizeDisplay</a>
 <LI><a href="#[206]">LCD_GetXSizeEx</a>
 <LI><a href="#[1f2]">LCD_GetXSizeMax</a>
 <LI><a href="#[278]">LCD_GetYSize</a>
 <LI><a href="#[1f1]">LCD_GetYSizeDisplay</a>
 <LI><a href="#[207]">LCD_GetYSizeEx</a>
 <LI><a href="#[1f3]">LCD_GetYSizeMax</a>
 <LI><a href="#[0]">LCD_GetpPalConvTableBM</a>
 <LI><a href="#[279]">LCD_GetpPalConvTableUncached</a>
 <LI><a href="#[1e1]">LCD_Index2Color</a>
 <LI><a href="#[a8]">LCD_Index2Color_565</a>
 <LI><a href="#[78]">LCD_Index2Color_M888</a>
 <LI><a href="#[77]">LCD_Index2Color_M8888I</a>
 <LI><a href="#[27b]">LCD_InitColors</a>
 <LI><a href="#[27c]">LCD_InitLUT</a>
 <LI><a href="#[236]">LCD_SelectLCD</a>
 <LI><a href="#[155]">LCD_SetBkColor</a>
 <LI><a href="#[282]">LCD_SetBkColorIndex</a>
 <LI><a href="#[27f]">LCD_SetClipRectEx</a>
 <LI><a href="#[215]">LCD_SetClipRectMax</a>
 <LI><a href="#[156]">LCD_SetColor</a>
 <LI><a href="#[281]">LCD_SetColorIndex</a>
 <LI><a href="#[1f4]">LCD_SetDisplaySize</a>
 <LI><a href="#[185]">LCD_SetDrawMode</a>
 <LI><a href="#[27d]">LCD_SetLUTEntryEx</a>
 <LI><a href="#[80]">LCD_SetPixelAA4_Trans</a>
 <LI><a href="#[237]">LCD_SetPosEx</a>
 <LI><a href="#[238]">LCD_SetSizeEx</a>
 <LI><a href="#[280]">LCD_SetVSizeEx</a>
 <LI><a href="#[23a]">LCD_SetVisEx</a>
 <LI><a href="#[214]">LCD_UpdateColorIndices</a>
 <LI><a href="#[221]">LCD__DrawBitmap_1bpp</a>
 <LI><a href="#[283]">LCD__GetBPP</a>
 <LI><a href="#[20f]">LCD__GetBPPDevice</a>
 <LI><a href="#[7b]">TEXT_Callback</a>
 <LI><a href="#[286]">TEXT_Create</a>
 <LI><a href="#[287]">TEXT_CreateEx</a>
 <LI><a href="#[288]">TEXT_CreateUser</a>
 <LI><a href="#[289]">TEXT_SetDec</a>
 <LI><a href="#[28a]">TEXT_SetText</a>
 <LI><a href="#[28d]">TEXT_SetTextColor</a>
 <LI><a href="#[122]">WIDGET_AndState</a>
 <LI><a href="#[28e]">WIDGET_EFFECT_3D_DrawUp</a>
 <LI><a href="#[11b]">WIDGET_HandleActive</a>
 <LI><a href="#[146]">WIDGET_OrState</a>
 <LI><a href="#[291]">WIDGET_SetState</a>
 <LI><a href="#[157]">WIDGET__FillStringInRect</a>
 <LI><a href="#[292]">WIDGET__GetInsideRect</a>
 <LI><a href="#[128]">WIDGET__Init</a>
 <LI><a href="#[1fd]">WM_Activate</a>
 <LI><a href="#[296]">WM_BringToBottom</a>
 <LI><a href="#[141]">WM_BringToTop</a>
 <LI><a href="#[127]">WM_CreateWindowAsChild</a>
 <LI><a href="#[213]">WM_Deactivate</a>
 <LI><a href="#[123]">WM_DefaultProc</a>
 <LI><a href="#[2a0]">WM_DeleteTimer</a>
 <LI><a href="#[2a1]">WM_DeleteWindow</a>
 <LI><a href="#[14e]">WM_DisableMemdev</a>
 <LI><a href="#[1dd]">WM_Exec</a>
 <LI><a href="#[29b]">WM_ForEachDesc</a>
 <LI><a href="#[2b0]">WM_GetActiveWindow</a>
 <LI><a href="#[1e4]">WM_GetClientRect</a>
 <LI><a href="#[2a9]">WM_GetClientRectEx</a>
 <LI><a href="#[2aa]">WM_GetClientWindow</a>
 <LI><a href="#[2ea]">WM_GetDesktopWindow</a>
 <LI><a href="#[2ca]">WM_GetDesktopWindowEx</a>
 <LI><a href="#[165]">WM_GetFirstChild</a>
 <LI><a href="#[285]">WM_GetHasTrans</a>
 <LI><a href="#[2ac]">WM_GetId</a>
 <LI><a href="#[166]">WM_GetNextSibling</a>
 <LI><a href="#[16b]">WM_GetParent</a>
 <LI><a href="#[2ad]">WM_GetWindowOrgX</a>
 <LI><a href="#[2ae]">WM_GetWindowRectEx</a>
 <LI><a href="#[2af]">WM_GetWindowSizeX</a>
 <LI><a href="#[162]">WM_GetWindowSizeY</a>
 <LI><a href="#[75]">WM_HandlePID</a>
 <LI><a href="#[2d0]">WM_HasCaptured</a>
 <LI><a href="#[145]">WM_HasFocus</a>
 <LI><a href="#[15f]">WM_HideWindow</a>
 <LI><a href="#[1f6]">WM_Init</a>
 <LI><a href="#[2bb]">WM_InvalidateRect</a>
 <LI><a href="#[13e]">WM_InvalidateWindow</a>
 <LI><a href="#[2c1]">WM_InvalidateWindowAndDescs</a>
 <LI><a href="#[2c2]">WM_InvalidateWindowAndDescsEx</a>
 <LI><a href="#[2c4]">WM_IsFocusable</a>
 <LI><a href="#[144]">WM_IsWindow</a>
 <LI><a href="#[169]">WM_MoveChildTo</a>
 <LI><a href="#[168]">WM_MoveWindow</a>
 <LI><a href="#[284]">WM_NotifyParent</a>
 <LI><a href="#[225]">WM_OnKey</a>
 <LI><a href="#[2b9]">WM_PID__SetPrevState</a>
 <LI><a href="#[2c6]">WM_Paint</a>
 <LI><a href="#[2b8]">WM_ReleaseCapture</a>
 <LI><a href="#[167]">WM_ResizeWindow</a>
 <LI><a href="#[2b4]">WM_Screen2hWin</a>
 <LI><a href="#[29c]">WM_SelectWindow</a>
 <LI><a href="#[2ab]">WM_SendMessage</a>
 <LI><a href="#[2cd]">WM_SendMessageNoPara</a>
 <LI><a href="#[29f]">WM_SendToParent</a>
 <LI><a href="#[2ce]">WM_SetCallback</a>
 <LI><a href="#[2cf]">WM_SetCapture</a>
 <LI><a href="#[142]">WM_SetCaptureMove</a>
 <LI><a href="#[34e]">WM_SetCreateFlags</a>
 <LI><a href="#[2d1]">WM_SetDefault</a>
 <LI><a href="#[140]">WM_SetFocus</a>
 <LI><a href="#[147]">WM_SetFocusOnNextChild</a>
 <LI><a href="#[16d]">WM_SetFocusOnPrevChild</a>
 <LI><a href="#[12a]">WM_SetHasTrans</a>
 <LI><a href="#[16a]">WM_SetSize</a>
 <LI><a href="#[1d1]">WM_SetUserClipRect</a>
 <LI><a href="#[15e]">WM_ShowWindow</a>
 <LI><a href="#[2c7]">WM_Update</a>
 <LI><a href="#[2d5]">WM_ValidateWindow</a>
 <LI><a href="#[2d6]">WM__ActivateClipRect</a>
 <LI><a href="#[2b3]">WM__AddCriticalHandle</a>
 <LI><a href="#[2bd]">WM__Client2Screen</a>
 <LI><a href="#[2bf]">WM__ClipAtParentBorders</a>
 <LI><a href="#[2a4]">WM__DeleteAssocTimer</a>
 <LI><a href="#[2a5]">WM__DetachWindow</a>
 <LI><a href="#[2a8]">WM__ForEachDesc</a>
 <LI><a href="#[29e]">WM__GetClientRectEx</a>
 <LI><a href="#[294]">WM__GetClientRectWin</a>
 <LI><a href="#[2d9]">WM__GetFirstSibling</a>
 <LI><a href="#[2d2]">WM__GetFocusedChild</a>
 <LI><a href="#[2db]">WM__GetLastSibling</a>
 <LI><a href="#[197]">WM__GetNextIVR</a>
 <LI><a href="#[190]">WM__GetOrgX_AA</a>
 <LI><a href="#[191]">WM__GetOrgY_AA</a>
 <LI><a href="#[297]">WM__GetPrevSibling</a>
 <LI><a href="#[2a3]">WM__GetTopLevelLayer</a>
 <LI><a href="#[160]">WM__GetWindowSizeX</a>
 <LI><a href="#[161]">WM__GetWindowSizeY</a>
 <LI><a href="#[194]">WM__InitIVRSearch</a>
 <LI><a href="#[29a]">WM__InsertWindowIntoList</a>
 <LI><a href="#[2c0]">WM__Invalidate1Abs</a>
 <LI><a href="#[2bc]">WM__InvalidateDrawAndDescs</a>
 <LI><a href="#[2df]">WM__InvalidateParent</a>
 <LI><a href="#[2e0]">WM__InvalidateRect</a>
 <LI><a href="#[298]">WM__InvalidateRectEx</a>
 <LI><a href="#[14b]">WM__IsAncestor</a>
 <LI><a href="#[149]">WM__IsAncestorOrSelf</a>
 <LI><a href="#[2da]">WM__IsChild</a>
 <LI><a href="#[132]">WM__IsEnabled</a>
 <LI><a href="#[2b5]">WM__IsInModalArea</a>
 <LI><a href="#[2f7]">WM__IsInWindow</a>
 <LI><a href="#[2a2]">WM__IsWindow</a>
 <LI><a href="#[2c5]">WM__MoveWindow</a>
 <LI><a href="#[2d7]">WM__Paint</a>
 <LI><a href="#[8b]">WM__Paint1</a>
 <LI><a href="#[2f5]">WM__RectIsNZ</a>
 <LI><a href="#[2ba]">WM__RemoveCriticalHandle</a>
 <LI><a href="#[299]">WM__RemoveWindowFromList</a>
 <LI><a href="#[2cc]">WM__SelectTopLevelLayer</a>
 <LI><a href="#[143]">WM__SendMessage</a>
 <LI><a href="#[2b7]">WM__SendMessageIfEnabled</a>
 <LI><a href="#[20b]">WM__SendMessageNoPara</a>
 <LI><a href="#[29d]">WM__SendMsgNoData</a>
 <LI><a href="#[2e6]">WM__SendPIDMessage</a>
 <LI><a href="#[2b6]">WM__SendTouchMessage</a>
 <LI><a href="#[290]">WM__UpdateChildPositions</a>
 <LI><a href="#[1ef]">emWin_LCD_Init</a>
 <LI><a href="#[a7]">_Color2Index_565</a>
 <LI><a href="#[a9]">_GetIndexMask_565</a>
 <LI><a href="#[aa]">_Color2IndexBulk</a>
 <LI><a href="#[ab]">_Index2ColorBulk</a>
 <LI><a href="#[1a3]">_PushFreeBlock</a>
 <LI><a href="#[1a6]">_RemoveFreeBlock</a>
 <LI><a href="#[1a2]">_AddFreeMemory</a>
 <LI><a href="#[1a5]">_RemoveHoles</a>
 <LI><a href="#[2e7]">_EnlargeBlocks</a>
 <LI><a href="#[19f]">_Alloc</a>
 <LI><a href="#[1a4]">_InitOnce</a>
 <LI><a href="#[1ee]">_InitContext</a>
 <LI><a href="#[76]">_OnExit</a>
 <LI><a href="#[72]">_OnExit</a>
 <LI><a href="#[1b1]">_Show</a>
 <LI><a href="#[176]">_SetLineColor</a>
 <LI><a href="#[26b]">_GetDevProp</a>
 <LI><a href="#[276]">_GetMaxValue</a>
 <LI><a href="#[b6]">_Log2PhysY_X1Y0S0</a>
 <LI><a href="#[b8]">_Log2PhysY_X1Y1S0</a>
 <LI><a href="#[ba]">_Log2PhysY_X1Y0S1</a>
 <LI><a href="#[bc]">_Log2PhysY_X1Y1S1</a>
 <LI><a href="#[c2]">_SetPixelIndex</a>
 <LI><a href="#[c1]">_GetPixelIndex</a>
 <LI><a href="#[c3]">_XorPixel</a>
 <LI><a href="#[be]">_DrawHLine</a>
 <LI><a href="#[bf]">_DrawVLine</a>
 <LI><a href="#[c0]">_FillRect</a>
 <LI><a href="#[bd]">_DrawBitmap</a>
 <LI><a href="#[8a]">_GetDevFunc_SetRect</a>
 <LI><a href="#[86]">_GetDevFunc_SetRectOutside</a>
 <LI><a href="#[8d]">_ReadPixelCust_16bpp</a>
 <LI><a href="#[8e]">_ReadPixelCust_18bpp</a>
 <LI><a href="#[8f]">_ReadRectCust_16bpp</a>
 <LI><a href="#[90]">_ReadRectCust_18bpp</a>
 <LI><a href="#[c5]">_GetDevFunc</a>
 <LI><a href="#[81]">_GetDevFunc_Off</a>
 <LI><a href="#[82]">_GetDevFunc_SetVSize</a>
 <LI><a href="#[83]">_GetDevFunc_SetSize</a>
 <LI><a href="#[84]">_GetDevFunc_Init</a>
 <LI><a href="#[85]">_SetDevFunc</a>
 <LI><a href="#[87]">_GetDevFunc_On</a>
 <LI><a href="#[c6]">_GetDevProp</a>
 <LI><a href="#[c7]">_GetDevData</a>
 <LI><a href="#[c8]">_GetRect</a>
 <LI><a href="#[c4]">_SetOrg</a>
 <LI><a href="#[b9]">_Log2PhysY_X0Y0S1</a>
 <LI><a href="#[ad]">_Log2PhysX_X0Y0S0</a>
 <LI><a href="#[af]">_Log2PhysX_X0Y1S0</a>
 <LI><a href="#[b1]">_Log2PhysX_X0Y0S1</a>
 <LI><a href="#[b3]">_Log2PhysX_X0Y1S1</a>
 <LI><a href="#[b5]">_Log2PhysY_X0Y0S0</a>
 <LI><a href="#[b7]">_Log2PhysY_X0Y1S0</a>
 <LI><a href="#[ae]">_Log2PhysX_X1Y0S0</a>
 <LI><a href="#[b0]">_Log2PhysX_X1Y1S0</a>
 <LI><a href="#[b2]">_Log2PhysX_X1Y0S1</a>
 <LI><a href="#[b4]">_Log2PhysX_X1Y1S1</a>
 <LI><a href="#[bb]">_Log2PhysY_X0Y1S1</a>
 <LI><a href="#[6c]">_ReadData</a>
 <LI><a href="#[6d]">_WriteData</a>
 <LI><a href="#[69]">_FillRect</a>
 <LI><a href="#[68]">_DrawBitmap</a>
 <LI><a href="#[62]">_SetPhysRAMAddr</a>
 <LI><a href="#[63]">_SetRect</a>
 <LI><a href="#[64]">_SetOrientation</a>
 <LI><a href="#[65]">_ReadPixel_16bpp_B8</a>
 <LI><a href="#[1]">_ReadPixel_16bpp_B16_I</a>
 <LI><a href="#[91]">_SetReg_B8</a>
 <LI><a href="#[93]">_SetReg_B16</a>
 <LI><a href="#[92]">_WritePara_B8</a>
 <LI><a href="#[94]">_WritePara_B16</a>
 <LI><a href="#[67]">_SetInterface</a>
 <LI><a href="#[66]">_ReadRect_16bpp_B8</a>
 <LI><a href="#[2]">_ReadRect_16bpp_B16_I</a>
 <LI><a href="#[7e]">_OnExit</a>
 <LI><a href="#[2e3]">_Paint1</a>
 <LI><a href="#[2dc]">_Findy1</a>
 <LI><a href="#[2dd]">_Findx0</a>
 <LI><a href="#[2de]">_Findx1</a>
 <LI><a href="#[2e5]">_Paint1Trans</a>
 <LI><a href="#[2e4]">_PaintTransChildren</a>
 <LI><a href="#[2e2]">WM__PaintWinAndOverlays</a>
 <LI><a href="#[7f]">_cbPaintMemDev</a>
 <LI><a href="#[2d8]">_SetClipRectUserIntersect</a>
 <LI><a href="#[2c3]">_Invalidate1Abs</a>
 <LI><a href="#[2a6]">_Exec1Input</a>
 <LI><a href="#[2a7]">_Exec1Draw</a>
 <LI><a href="#[7d]">_cbBackWin</a>
 <LI><a href="#[120]">_OnButtonPressed</a>
 <LI><a href="#[121]">_OnButtonReleased</a>
 <LI><a href="#[3]">_OnTouchDefault</a>
 <LI><a href="#[14a]">_SetActive</a>
 <LI><a href="#[60]">FRAMEWIN__cbClient</a>
 <LI><a href="#[7]">_GetBorderSize</a>
 <LI><a href="#[ce]">_Create</a>
 <LI><a href="#[cd]">_Paint</a>
 <LI><a href="#[19c]">_CleanLine</a>
 <LI><a href="#[19d]">_CalcClipRectHL</a>
 <LI><a href="#[198]">_FlushLine</a>
 <LI><a href="#[70]">_OnExit</a>
 <LI><a href="#[71]">_DrawHLine</a>
 <LI><a href="#[8]">_Log2VisBuffered</a>
 <LI><a href="#[25a]">_DispLine</a>
 <LI><a href="#[17b]">_Add</a>
 <LI><a href="#[74]">_OnExit</a>
 <LI><a href="#[2eb]">_GetClipRect</a>
 <LI><a href="#[2ec]">_GetClipParam</a>
 <LI><a href="#[d9]">_GetDevData</a>
 <LI><a href="#[d6]">_SetOrg</a>
 <LI><a href="#[d7]">_GetDevFunc</a>
 <LI><a href="#[d8]">_GetDevProp</a>
 <LI><a href="#[da]">_GetRect</a>
 <LI><a href="#[2f3]">_PixelExists</a>
 <LI><a href="#[d3]">_GetPixelIndex</a>
 <LI><a href="#[d5]">_XorPixel</a>
 <LI><a href="#[d4]">_SetPixelIndex</a>
 <LI><a href="#[d2]">_FillRect</a>
 <LI><a href="#[d1]">_DrawVLine</a>
 <LI><a href="#[d0]">_DrawHLine</a>
 <LI><a href="#[cf]">_DrawBitmap</a>
 <LI><a href="#[232]">_Link</a>
 <LI><a href="#[22c]">_CreateBuffer</a>
 <LI><a href="#[22a]">_Unlink</a>
 <LI><a href="#[22d]">_GetBkIndex.isra.0</a>
 <LI><a href="#[22f]">_GetBkIndexAlpha.isra.2</a>
 <LI><a href="#[234]">_DoColorConversion.isra.3</a>
 <LI><a href="#[22b]">_GetDeviceRect</a>
 <LI><a href="#[2f1]">_FlushBuffer.isra.5</a>
 <LI><a href="#[22e]">_SetBkIndexBuffered</a>
 <LI><a href="#[230]">_ReleaseBuffer.isra.6</a>
 <LI><a href="#[233]">_SpriteDraw</a>
 <LI><a href="#[229]">_Undraw</a>
 <LI><a href="#[18b]">_GetTaskNo</a>
 <LI><a href="#[6f]">_OnExit</a>
 <LI><a href="#[db]">_GetCharCode</a>
 <LI><a href="#[dc]">_GetCharSize</a>
 <LI><a href="#[dd]">_CalcSizeOfChar</a>
 <LI><a href="#[de]">_Encode</a>
 <LI><a href="#[b]">_GetWordWrap</a>
 <LI><a href="#[c]">_GetCharWrap</a>
 <LI><a href="#[268]">_WrapGetNumCharsDisp</a>
 <LI><a href="#[e1]">_SetDrawMode</a>
 <LI><a href="#[df]">_SetColor</a>
 <LI><a href="#[e0]">_SetBkColor</a>
 <LI><a href="#[7a]">_OnExit</a>
 <LI><a href="#[f0]">_GetDevData</a>
 <LI><a href="#[ee]">_GetDevFunc</a>
 <LI><a href="#[ed]">_SetOrg</a>
 <LI><a href="#[f1]">_GetRect</a>
 <LI><a href="#[2ee]">_XY2PTR</a>
 <LI><a href="#[ea]">_GetPixelIndex</a>
 <LI><a href="#[ec]">_XorPixel</a>
 <LI><a href="#[eb]">_SetPixelIndex</a>
 <LI><a href="#[e8]">_DrawVLine</a>
 <LI><a href="#[e9]">_FillRect</a>
 <LI><a href="#[e7]">_DrawHLine</a>
 <LI><a href="#[e6]">_DrawBitmap</a>
 <LI><a href="#[ef]">_GetDevProp</a>
 <LI><a href="#[211]">_CreateStaticDevice</a>
 <LI><a href="#[7c]">_cbInvalidateOne</a>
 <LI><a href="#[2e1]">_MoveDescendents</a>
 <LI><a href="#[2d3]">_GetNextChild</a>
 <LI><a href="#[2d4]">_GetPrevChild</a>
 <LI><a href="#[e]">_Create</a>
 <LI><a href="#[d]">_Paint</a>
 <LI><a href="#[11]">_GetBorderSize</a>
 <LI><a href="#[10]">_Create</a>
 <LI><a href="#[f]">_Paint</a>
 <LI><a href="#[28f]">_DrawUpRect</a>
 <LI><a href="#[f2]">_Color2Index_M8888I</a>
 <LI><a href="#[f3]">_GetIndexMask_M8888I</a>
 <LI><a href="#[f4]">_Color2IndexBulk_M8888I</a>
 <LI><a href="#[f5]">_Index2ColorBulk_M8888I</a>
 <LI><a href="#[f8]">_GetIndexMask_0</a>
 <LI><a href="#[f7]">_Index2Color_0</a>
 <LI><a href="#[f6]">_Color2Index_0</a>
 <LI><a href="#[1d8]">_DrawGradient</a>
 <LI><a href="#[23d]">_Unlink</a>
 <LI><a href="#[79]">_OnExit</a>
 <LI><a href="#[25e]">_GetTwinArcPara</a>
 <LI><a href="#[103]">_GetDevData</a>
 <LI><a href="#[101]">_GetDevFunc</a>
 <LI><a href="#[102]">_GetDevProp</a>
 <LI><a href="#[100]">_SetOrg</a>
 <LI><a href="#[104]">_GetRect</a>
 <LI><a href="#[2ef]">_XY2PTR</a>
 <LI><a href="#[fd]">_GetPixelIndex</a>
 <LI><a href="#[ff]">_XorPixel</a>
 <LI><a href="#[fe]">_SetPixelIndex</a>
 <LI><a href="#[fb]">_DrawVLine</a>
 <LI><a href="#[fc]">_FillRect</a>
 <LI><a href="#[fa]">_DrawHLine</a>
 <LI><a href="#[f9]">_DrawBitmap</a>
 <LI><a href="#[105]">GUI_USAGE_BM_AddPixel</a>
 <LI><a href="#[109]">GUI_USAGE_BM_GetNextDirty</a>
 <LI><a href="#[108]">_GUI_USAGE_BM_Delete</a>
 <LI><a href="#[107]">GUI_USAGE_BM_Clear</a>
 <LI><a href="#[106]">GUI_USAGE_BM_AddHLine</a>
 <LI><a href="#[21f]">_Convert16</a>
 <LI><a href="#[220]">_Convert8</a>
 <LI><a href="#[2cb]">_Screen2hWin</a>
 <LI><a href="#[2c8]">WM__ReleaseCapture</a>
 <LI><a href="#[10d]">_DrawDownRect</a>
 <LI><a href="#[10b]">_DrawUpRect</a>
 <LI><a href="#[10c]">_DrawDown</a>
 <LI><a href="#[10a]">_DrawUp</a>
 <LI><a href="#[227]">LCD_ReadRectEx</a>
 <LI><a href="#[21a]">_ClipX</a>
 <LI><a href="#[21b]">_ClipY</a>
 <LI><a href="#[219]">_WriteToActiveAlpha</a>
</UL>
</UL>
<P>
<H3>
Mutually Recursive functions
</H3> <LI><a href="#[31]">ADC1_2_IRQHandler</a>&nbsp;&nbsp;&nbsp;&rArr;&nbsp;&nbsp;&nbsp;<a href="#[31]">ADC1_2_IRQHandler</a><BR>
 <LI><a href="#[143]">WM__SendMessage</a>&nbsp;&nbsp;&nbsp;&rArr;&nbsp;&nbsp;&nbsp;<a href="#[123]">WM_DefaultProc</a><BR>
 <LI><a href="#[2e0]">WM__InvalidateRect</a>&nbsp;&nbsp;&nbsp;&rArr;&nbsp;&nbsp;&nbsp;<a href="#[2e0]">WM__InvalidateRect</a><BR>
 <LI><a href="#[2c2]">WM_InvalidateWindowAndDescsEx</a>&nbsp;&nbsp;&nbsp;&rArr;&nbsp;&nbsp;&nbsp;<a href="#[2c2]">WM_InvalidateWindowAndDescsEx</a><BR>
 <LI><a href="#[2bc]">WM__InvalidateDrawAndDescs</a>&nbsp;&nbsp;&nbsp;&rArr;&nbsp;&nbsp;&nbsp;<a href="#[2bc]">WM__InvalidateDrawAndDescs</a><BR>
 <LI><a href="#[2a8]">WM__ForEachDesc</a>&nbsp;&nbsp;&nbsp;&rArr;&nbsp;&nbsp;&nbsp;<a href="#[2a8]">WM__ForEachDesc</a><BR>
 <LI><a href="#[167]">WM_ResizeWindow</a>&nbsp;&nbsp;&nbsp;&rArr;&nbsp;&nbsp;&nbsp;<a href="#[290]">WM__UpdateChildPositions</a><BR>
 <LI><a href="#[2e1]">_MoveDescendents</a>&nbsp;&nbsp;&nbsp;&rArr;&nbsp;&nbsp;&nbsp;<a href="#[2e1]">_MoveDescendents</a><BR>
 <LI><a href="#[2de]">_Findx1</a>&nbsp;&nbsp;&nbsp;&rArr;&nbsp;&nbsp;&nbsp;<a href="#[2de]">_Findx1</a><BR>
 <LI><a href="#[2dd]">_Findx0</a>&nbsp;&nbsp;&nbsp;&rArr;&nbsp;&nbsp;&nbsp;<a href="#[2dd]">_Findx0</a><BR>
 <LI><a href="#[2dc]">_Findy1</a>&nbsp;&nbsp;&nbsp;&rArr;&nbsp;&nbsp;&nbsp;<a href="#[2dc]">_Findy1</a><BR>
 <LI><a href="#[19f]">_Alloc</a>&nbsp;&nbsp;&nbsp;&rArr;&nbsp;&nbsp;&nbsp;<a href="#[1a4]">_InitOnce</a><BR>
 <LI><a href="#[187]">GUIPROP__FindChar</a>&nbsp;&nbsp;&nbsp;&rArr;&nbsp;&nbsp;&nbsp;<a href="#[187]">GUIPROP__FindChar</a><BR>
 <LI><a href="#[2cb]">_Screen2hWin</a>&nbsp;&nbsp;&nbsp;&rArr;&nbsp;&nbsp;&nbsp;<a href="#[2cb]">_Screen2hWin</a><BR>
 <LI><a href="#[19]">BusFault_Handler</a>&nbsp;&nbsp;&nbsp;&rArr;&nbsp;&nbsp;&nbsp;<a href="#[19]">BusFault_Handler</a><BR>
 <LI><a href="#[18]">MemManage_Handler</a>&nbsp;&nbsp;&nbsp;&rArr;&nbsp;&nbsp;&nbsp;<a href="#[18]">MemManage_Handler</a><BR>
 <LI><a href="#[1a]">UsageFault_Handler</a>&nbsp;&nbsp;&nbsp;&rArr;&nbsp;&nbsp;&nbsp;<a href="#[1a]">UsageFault_Handler</a><BR>
 <LI><a href="#[97]">GUI_Task</a>&nbsp;&nbsp;&nbsp;&rArr;&nbsp;&nbsp;&nbsp;<a href="#[97]">GUI_Task</a><BR>
 <LI><a href="#[2e4]">_PaintTransChildren</a>&nbsp;&nbsp;&nbsp;&rArr;&nbsp;&nbsp;&nbsp;<a href="#[2e4]">_PaintTransChildren</a><BR>
 <LI><a href="#[2a1]">WM_DeleteWindow</a>&nbsp;&nbsp;&nbsp;&rArr;&nbsp;&nbsp;&nbsp;<a href="#[2a1]">WM_DeleteWindow</a><BR>
 <LI><a href="#[2c1]">WM_InvalidateWindowAndDescs</a>&nbsp;&nbsp;&nbsp;&rArr;&nbsp;&nbsp;&nbsp;<a href="#[2c1]">WM_InvalidateWindowAndDescs</a><BR>
 <LI><a href="#[96]">Touch_Task</a>&nbsp;&nbsp;&nbsp;&rArr;&nbsp;&nbsp;&nbsp;<a href="#[96]">Touch_Task</a><BR>
</UL>
<P>
<H3>
Function Pointers
</H3><UL>
 <LI><a href="#[31]">ADC1_2_IRQHandler</a> from startup_stm32f10x_hd.o(.text) referenced from startup_stm32f10x_hd.o(RESET)
 <LI><a href="#[4e]">ADC3_IRQHandler</a> from startup_stm32f10x_hd.o(.text) referenced from startup_stm32f10x_hd.o(RESET)
 <LI><a href="#[a4]">AppTaskCreate</a> from main.o(i.AppTaskCreate) referenced from main.o(i.main)
 <LI><a href="#[5e]">BUTTON_Callback</a> from BUTTON.o(.text.BUTTON_Callback) referenced from BUTTON.o(.text.BUTTON_CreateUser)
 <LI><a href="#[4]">BUTTON_DrawSkinFlex</a> from BUTTON_SkinFlex.o(.text.BUTTON_DrawSkinFlex) referenced 2 times from BUTTON.o(.data)
 <LI><a href="#[19]">BusFault_Handler</a> from stm32f10x_it.o(i.BusFault_Handler) referenced from startup_stm32f10x_hd.o(RESET)
 <LI><a href="#[34]">CAN1_RX1_IRQHandler</a> from startup_stm32f10x_hd.o(.text) referenced from startup_stm32f10x_hd.o(RESET)
 <LI><a href="#[35]">CAN1_SCE_IRQHandler</a> from startup_stm32f10x_hd.o(.text) referenced from startup_stm32f10x_hd.o(RESET)
 <LI><a href="#[98]">CPU_Task</a> from main.o(i.CPU_Task) referenced from main.o(i.AppTaskCreate)
 <LI><a href="#[2a]">DMA1_Channel1_IRQHandler</a> from startup_stm32f10x_hd.o(.text) referenced from startup_stm32f10x_hd.o(RESET)
 <LI><a href="#[2b]">DMA1_Channel2_IRQHandler</a> from startup_stm32f10x_hd.o(.text) referenced from startup_stm32f10x_hd.o(RESET)
 <LI><a href="#[2c]">DMA1_Channel3_IRQHandler</a> from startup_stm32f10x_hd.o(.text) referenced from startup_stm32f10x_hd.o(RESET)
 <LI><a href="#[2d]">DMA1_Channel4_IRQHandler</a> from startup_stm32f10x_hd.o(.text) referenced from startup_stm32f10x_hd.o(RESET)
 <LI><a href="#[2e]">DMA1_Channel5_IRQHandler</a> from startup_stm32f10x_hd.o(.text) referenced from startup_stm32f10x_hd.o(RESET)
 <LI><a href="#[2f]">DMA1_Channel6_IRQHandler</a> from startup_stm32f10x_hd.o(.text) referenced from startup_stm32f10x_hd.o(RESET)
 <LI><a href="#[30]">DMA1_Channel7_IRQHandler</a> from startup_stm32f10x_hd.o(.text) referenced from startup_stm32f10x_hd.o(RESET)
 <LI><a href="#[57]">DMA2_Channel1_IRQHandler</a> from startup_stm32f10x_hd.o(.text) referenced from startup_stm32f10x_hd.o(RESET)
 <LI><a href="#[58]">DMA2_Channel2_IRQHandler</a> from startup_stm32f10x_hd.o(.text) referenced from startup_stm32f10x_hd.o(RESET)
 <LI><a href="#[59]">DMA2_Channel3_IRQHandler</a> from startup_stm32f10x_hd.o(.text) referenced from startup_stm32f10x_hd.o(RESET)
 <LI><a href="#[5a]">DMA2_Channel4_5_IRQHandler</a> from startup_stm32f10x_hd.o(.text) referenced from startup_stm32f10x_hd.o(RESET)
 <LI><a href="#[95]">DataProcess_Task</a> from main.o(i.DataProcess_Task) referenced from main.o(i.AppTaskCreate)
 <LI><a href="#[1c]">DebugMon_Handler</a> from stm32f10x_it.o(i.DebugMon_Handler) referenced from startup_stm32f10x_hd.o(RESET)
 <LI><a href="#[25]">EXTI0_IRQHandler</a> from startup_stm32f10x_hd.o(.text) referenced from startup_stm32f10x_hd.o(RESET)
 <LI><a href="#[47]">EXTI15_10_IRQHandler</a> from startup_stm32f10x_hd.o(.text) referenced from startup_stm32f10x_hd.o(RESET)
 <LI><a href="#[26]">EXTI1_IRQHandler</a> from startup_stm32f10x_hd.o(.text) referenced from startup_stm32f10x_hd.o(RESET)
 <LI><a href="#[27]">EXTI2_IRQHandler</a> from startup_stm32f10x_hd.o(.text) referenced from startup_stm32f10x_hd.o(RESET)
 <LI><a href="#[28]">EXTI3_IRQHandler</a> from startup_stm32f10x_hd.o(.text) referenced from startup_stm32f10x_hd.o(RESET)
 <LI><a href="#[29]">EXTI4_IRQHandler</a> from startup_stm32f10x_hd.o(.text) referenced from startup_stm32f10x_hd.o(RESET)
 <LI><a href="#[36]">EXTI9_5_IRQHandler</a> from startup_stm32f10x_hd.o(.text) referenced from startup_stm32f10x_hd.o(RESET)
 <LI><a href="#[23]">FLASH_IRQHandler</a> from startup_stm32f10x_hd.o(.text) referenced from startup_stm32f10x_hd.o(RESET)
 <LI><a href="#[5f]">FRAMEWIN_Callback</a> from FRAMEWIN.o(.text.FRAMEWIN_Callback) referenced from FRAMEWIN.o(.text.FRAMEWIN_CreateUser)
 <LI><a href="#[6]">FRAMEWIN_DrawSkinFlex</a> from FRAMEWIN_SkinFlex.o(.text.FRAMEWIN_DrawSkinFlex) referenced 4 times from FRAMEWIN.o(.data)
 <LI><a href="#[61]">FRAMEWIN_OwnerDraw</a> from FRAMEWIN_SkinClassic.o(.text.FRAMEWIN_OwnerDraw) referenced from FRAMEWIN_SkinClassic.o(.text.FRAMEWIN_SetSkinClassic)
 <LI><a href="#[61]">FRAMEWIN_OwnerDraw</a> from FRAMEWIN_SkinClassic.o(.text.FRAMEWIN_OwnerDraw) referenced from FRAMEWIN_SkinClassic.o(.text._Create)
 <LI><a href="#[5]">FRAMEWIN__GetBorderSize</a> from FRAMEWIN.o(.text.FRAMEWIN__GetBorderSize) referenced 2 times from FRAMEWIN.o(.data)
 <LI><a href="#[60]">FRAMEWIN__cbClient</a> from FRAMEWIN.o(.text.FRAMEWIN__cbClient) referenced from FRAMEWIN.o(.text.FRAMEWIN_CreateUser)
 <LI><a href="#[4f]">FSMC_IRQHandler</a> from startup_stm32f10x_hd.o(.text) referenced from startup_stm32f10x_hd.o(RESET)
 <LI><a href="#[9e]">GUIDRV_FlexColor_SetFunc66709</a> from GUIDRV_FlexColor_Func66709.o(.text.GUIDRV_FlexColor_SetFunc66709) referenced from lcdconf_flexcolor.o(i.LCD_X_Config)
 <LI><a href="#[9d]">GUIDRV_FlexColor_SetMode16bppC0B16</a> from GUIDRV_FlexColor_16bpp_C0B16.o(.text.GUIDRV_FlexColor_SetMode16bppC0B16) referenced from lcdconf_flexcolor.o(i.LCD_X_Config)
 <LI><a href="#[6a]">GUIDRV_FlexColor__GetPixelIndexNoCache</a> from GUIDRV_FlexColor.o(.text.GUIDRV_FlexColor__GetPixelIndexNoCache) referenced from GUIDRV_FlexColor_16bpp_C0B16.o(.text.GUIDRV_FlexColor_SetMode16bppC0B16)
 <LI><a href="#[6e]">GUIDRV_FlexColor__SetLog2Phys</a> from GUIDRV_FlexColor.o(.text.GUIDRV_FlexColor__SetLog2Phys) referenced from GUIDRV_FlexColor.o(.text.GUIDRV_FlexColor__InitOnce)
 <LI><a href="#[6b]">GUIDRV_FlexColor__SetPixelIndexNoCache</a> from GUIDRV_FlexColor.o(.text.GUIDRV_FlexColor__SetPixelIndexNoCache) referenced from GUIDRV_FlexColor_16bpp_C0B16.o(.text.GUIDRV_FlexColor_SetMode16bppC0B16)
 <LI><a href="#[e2]">GUIMONO_DispChar</a> from GUI_CharM.o(.text.GUIMONO_DispChar) referenced 2 times from F6x8.o(.rodata)
 <LI><a href="#[e3]">GUIMONO_GetCharDistX</a> from GUI_CharM.o(.text.GUIMONO_GetCharDistX) referenced 2 times from F6x8.o(.rodata)
 <LI><a href="#[e4]">GUIMONO_GetFontInfo</a> from GUI_CharM.o(.text.GUIMONO_GetFontInfo) referenced 2 times from F6x8.o(.rodata)
 <LI><a href="#[e5]">GUIMONO_IsInFont</a> from GUI_CharM.o(.text.GUIMONO_IsInFont) referenced 2 times from F6x8.o(.rodata)
 <LI><a href="#[c9]">GUIPROP_DispChar</a> from GUI_CharP.o(.text.GUIPROP_DispChar) referenced 6 times from F16B_1.o(.rodata)
 <LI><a href="#[ca]">GUIPROP_GetCharDistX</a> from GUI_CharP.o(.text.GUIPROP_GetCharDistX) referenced 6 times from F16B_1.o(.rodata)
 <LI><a href="#[cb]">GUIPROP_GetFontInfo</a> from GUI_CharP.o(.text.GUIPROP_GetFontInfo) referenced 6 times from F16B_1.o(.rodata)
 <LI><a href="#[cc]">GUIPROP_IsInFont</a> from GUI_CharP.o(.text.GUIPROP_IsInFont) referenced 6 times from F16B_1.o(.rodata)
 <LI><a href="#[8c]">GUI_MEMDEV_Paint1Static</a> from GUIDEV_StaticDevices.o(.text.GUI_MEMDEV_Paint1Static) referenced from WM.o(.text._Paint1)
 <LI><a href="#[89]">GUI_MEMDEV__WriteToActiveAlpha</a> from GUIDEV_WriteToActiveAlpha.o(.text.GUI_MEMDEV__WriteToActiveAlpha) referenced from GUIDEV_32.o(.text._GetDevFunc)
 <LI><a href="#[88]">GUI_MEMDEV__WriteToActiveOpaque</a> from GUIDEV_WriteToActiveOpaque.o(.text.GUI_MEMDEV__WriteToActiveOpaque) referenced from GUIDEV_16.o(.text._GetDevFunc)
 <LI><a href="#[97]">GUI_Task</a> from main.o(i.GUI_Task) referenced from main.o(i.AppTaskCreate)
 <LI><a href="#[106]">GUI_USAGE_BM_AddHLine</a> from GUIDEV_UsageBM.o(.text.GUI_USAGE_BM_AddHLine) referenced from GUIDEV_UsageBM.o(.rodata)
 <LI><a href="#[105]">GUI_USAGE_BM_AddPixel</a> from GUIDEV_UsageBM.o(.text.GUI_USAGE_BM_AddPixel) referenced from GUIDEV_UsageBM.o(.rodata)
 <LI><a href="#[107]">GUI_USAGE_BM_Clear</a> from GUIDEV_UsageBM.o(.text.GUI_USAGE_BM_Clear) referenced from GUIDEV_UsageBM.o(.rodata)
 <LI><a href="#[109]">GUI_USAGE_BM_GetNextDirty</a> from GUIDEV_UsageBM.o(.text.GUI_USAGE_BM_GetNextDirty) referenced from GUIDEV_UsageBM.o(.rodata)
 <LI><a href="#[12]">GUI__MixColors</a> from GUI__Alpha.o(.text.GUI__MixColors) referenced 2 times from GUI__Alpha.o(.data)
 <LI><a href="#[13]">GUI__MixColorsBulk</a> from GUI__Alpha.o(.text.GUI__MixColorsBulk) referenced 2 times from GUI__Alpha.o(.data)
 <LI><a href="#[17]">HardFault_Handler</a> from stm32f10x_it.o(i.HardFault_Handler) referenced from startup_stm32f10x_hd.o(RESET)
 <LI><a href="#[3f]">I2C1_ER_IRQHandler</a> from startup_stm32f10x_hd.o(.text) referenced from startup_stm32f10x_hd.o(RESET)
 <LI><a href="#[3e]">I2C1_EV_IRQHandler</a> from startup_stm32f10x_hd.o(.text) referenced from startup_stm32f10x_hd.o(RESET)
 <LI><a href="#[41]">I2C2_ER_IRQHandler</a> from startup_stm32f10x_hd.o(.text) referenced from startup_stm32f10x_hd.o(RESET)
 <LI><a href="#[40]">I2C2_EV_IRQHandler</a> from startup_stm32f10x_hd.o(.text) referenced from startup_stm32f10x_hd.o(RESET)
 <LI><a href="#[14]">LCD_AA_MixColors16</a> from LCD_AA.o(.text.LCD_AA_MixColors16) referenced 2 times from LCD_AA.o(.data)
 <LI><a href="#[73]">LCD_DrawHLine</a> from LCD.o(.text.LCD_DrawHLine) referenced from GUI_Core.o(.rodata)
 <LI><a href="#[73]">LCD_DrawHLine</a> from LCD.o(.text.LCD_DrawHLine) referenced from GUI_DrawGradient.o(.text.GUI_DrawGradientV)
 <LI><a href="#[ac]">LCD_DrawPixel</a> from LCD.o(.text.LCD_DrawPixel) referenced from GUI_Core.o(.rodata)
 <LI><a href="#[0]">LCD_GetpPalConvTableBM</a> from LCD_Color.o(.text.LCD_GetpPalConvTableBM) referenced 2 times from GUI_Core.o(.data)
 <LI><a href="#[a8]">LCD_Index2Color_565</a> from GUICC_565.o(.text.LCD_Index2Color_565) referenced from GUICC_565.o(.rodata)
 <LI><a href="#[78]">LCD_Index2Color_M888</a> from GUICC_M888_Index2Color.o(.text.LCD_Index2Color_M888) referenced from GUI__Alpha.o(.text.GUI__DoAlphaBlending)
 <LI><a href="#[77]">LCD_Index2Color_M8888I</a> from GUICC_M8888I_Index2Color.o(.text.LCD_Index2Color_M8888I) referenced from GUICC_M8888I.o(.rodata)
 <LI><a href="#[77]">LCD_Index2Color_M8888I</a> from GUICC_M8888I_Index2Color.o(.text.LCD_Index2Color_M8888I) referenced from GUI__Alpha.o(.text.GUI__DoAlphaBlending)
 <LI><a href="#[77]">LCD_Index2Color_M8888I</a> from GUICC_M8888I_Index2Color.o(.text.LCD_Index2Color_M8888I) referenced from GUIDEV_WriteToActiveAlpha.o(.text._WriteToActiveAlpha)
 <LI><a href="#[80]">LCD_SetPixelAA4_Trans</a> from LCD_AA.o(.text.LCD_SetPixelAA4_Trans) referenced from GUIAA_Lib.o(.text._FlushLine)
 <LI><a href="#[9c]">LcdReadDataMultiple</a> from lcdconf_flexcolor.o(i.LcdReadDataMultiple) referenced from lcdconf_flexcolor.o(i.LCD_X_Config)
 <LI><a href="#[9a]">LcdWriteData</a> from lcdconf_flexcolor.o(i.LcdWriteData) referenced from lcdconf_flexcolor.o(i.LCD_X_Config)
 <LI><a href="#[9b]">LcdWriteDataMultiple</a> from lcdconf_flexcolor.o(i.LcdWriteDataMultiple) referenced from lcdconf_flexcolor.o(i.LCD_X_Config)
 <LI><a href="#[99]">LcdWriteReg</a> from lcdconf_flexcolor.o(i.LcdWriteReg) referenced from lcdconf_flexcolor.o(i.LCD_X_Config)
 <LI><a href="#[18]">MemManage_Handler</a> from stm32f10x_it.o(i.MemManage_Handler) referenced from startup_stm32f10x_hd.o(RESET)
 <LI><a href="#[16]">NMI_Handler</a> from stm32f10x_it.o(i.NMI_Handler) referenced from startup_stm32f10x_hd.o(RESET)
 <LI><a href="#[20]">PVD_IRQHandler</a> from startup_stm32f10x_hd.o(.text) referenced from startup_stm32f10x_hd.o(RESET)
 <LI><a href="#[1d]">PendSV_Handler</a> from port.o(.emb_text) referenced from startup_stm32f10x_hd.o(RESET)
 <LI><a href="#[24]">RCC_IRQHandler</a> from startup_stm32f10x_hd.o(.text) referenced from startup_stm32f10x_hd.o(RESET)
 <LI><a href="#[48]">RTCAlarm_IRQHandler</a> from startup_stm32f10x_hd.o(.text) referenced from startup_stm32f10x_hd.o(RESET)
 <LI><a href="#[22]">RTC_IRQHandler</a> from startup_stm32f10x_hd.o(.text) referenced from startup_stm32f10x_hd.o(RESET)
 <LI><a href="#[15]">Reset_Handler</a> from startup_stm32f10x_hd.o(.text) referenced from startup_stm32f10x_hd.o(RESET)
 <LI><a href="#[50]">SDIO_IRQHandler</a> from stm32f10x_it.o(i.SDIO_IRQHandler) referenced from startup_stm32f10x_hd.o(RESET)
 <LI><a href="#[42]">SPI1_IRQHandler</a> from startup_stm32f10x_hd.o(.text) referenced from startup_stm32f10x_hd.o(RESET)
 <LI><a href="#[43]">SPI2_IRQHandler</a> from startup_stm32f10x_hd.o(.text) referenced from startup_stm32f10x_hd.o(RESET)
 <LI><a href="#[52]">SPI3_IRQHandler</a> from startup_stm32f10x_hd.o(.text) referenced from startup_stm32f10x_hd.o(RESET)
 <LI><a href="#[1b]">SVC_Handler</a> from port.o(.emb_text) referenced from startup_stm32f10x_hd.o(RESET)
 <LI><a href="#[1e]">SysTick_Handler</a> from stm32f10x_it.o(i.SysTick_Handler) referenced from startup_stm32f10x_hd.o(RESET)
 <LI><a href="#[5c]">SystemInit</a> from system_stm32f10x.o(i.SystemInit) referenced from startup_stm32f10x_hd.o(.text)
 <LI><a href="#[21]">TAMPER_IRQHandler</a> from startup_stm32f10x_hd.o(.text) referenced from startup_stm32f10x_hd.o(RESET)
 <LI><a href="#[7b]">TEXT_Callback</a> from TEXT.o(.text.TEXT_Callback) referenced from TEXT.o(.text.TEXT_CreateUser)
 <LI><a href="#[37]">TIM1_BRK_IRQHandler</a> from startup_stm32f10x_hd.o(.text) referenced from startup_stm32f10x_hd.o(RESET)
 <LI><a href="#[3a]">TIM1_CC_IRQHandler</a> from startup_stm32f10x_hd.o(.text) referenced from startup_stm32f10x_hd.o(RESET)
 <LI><a href="#[39]">TIM1_TRG_COM_IRQHandler</a> from startup_stm32f10x_hd.o(.text) referenced from startup_stm32f10x_hd.o(RESET)
 <LI><a href="#[38]">TIM1_UP_IRQHandler</a> from startup_stm32f10x_hd.o(.text) referenced from startup_stm32f10x_hd.o(RESET)
 <LI><a href="#[3b]">TIM2_IRQHandler</a> from startup_stm32f10x_hd.o(.text) referenced from startup_stm32f10x_hd.o(RESET)
 <LI><a href="#[3c]">TIM3_IRQHandler</a> from startup_stm32f10x_hd.o(.text) referenced from startup_stm32f10x_hd.o(RESET)
 <LI><a href="#[3d]">TIM4_IRQHandler</a> from startup_stm32f10x_hd.o(.text) referenced from startup_stm32f10x_hd.o(RESET)
 <LI><a href="#[51]">TIM5_IRQHandler</a> from startup_stm32f10x_hd.o(.text) referenced from startup_stm32f10x_hd.o(RESET)
 <LI><a href="#[55]">TIM6_IRQHandler</a> from stm32f10x_it.o(i.TIM6_IRQHandler) referenced from startup_stm32f10x_hd.o(RESET)
 <LI><a href="#[56]">TIM7_IRQHandler</a> from startup_stm32f10x_hd.o(.text) referenced from startup_stm32f10x_hd.o(RESET)
 <LI><a href="#[4a]">TIM8_BRK_IRQHandler</a> from startup_stm32f10x_hd.o(.text) referenced from startup_stm32f10x_hd.o(RESET)
 <LI><a href="#[4d]">TIM8_CC_IRQHandler</a> from startup_stm32f10x_hd.o(.text) referenced from startup_stm32f10x_hd.o(RESET)
 <LI><a href="#[4c]">TIM8_TRG_COM_IRQHandler</a> from startup_stm32f10x_hd.o(.text) referenced from startup_stm32f10x_hd.o(RESET)
 <LI><a href="#[4b]">TIM8_UP_IRQHandler</a> from startup_stm32f10x_hd.o(.text) referenced from startup_stm32f10x_hd.o(RESET)
 <LI><a href="#[96]">Touch_Task</a> from main.o(i.Touch_Task) referenced from main.o(i.AppTaskCreate)
 <LI><a href="#[53]">UART4_IRQHandler</a> from startup_stm32f10x_hd.o(.text) referenced from startup_stm32f10x_hd.o(RESET)
 <LI><a href="#[54]">UART5_IRQHandler</a> from startup_stm32f10x_hd.o(.text) referenced from startup_stm32f10x_hd.o(RESET)
 <LI><a href="#[44]">USART1_IRQHandler</a> from startup_stm32f10x_hd.o(.text) referenced from startup_stm32f10x_hd.o(RESET)
 <LI><a href="#[45]">USART2_IRQHandler</a> from startup_stm32f10x_hd.o(.text) referenced from startup_stm32f10x_hd.o(RESET)
 <LI><a href="#[46]">USART3_IRQHandler</a> from startup_stm32f10x_hd.o(.text) referenced from startup_stm32f10x_hd.o(RESET)
 <LI><a href="#[49]">USBWakeUp_IRQHandler</a> from startup_stm32f10x_hd.o(.text) referenced from startup_stm32f10x_hd.o(RESET)
 <LI><a href="#[32]">USB_HP_CAN1_TX_IRQHandler</a> from startup_stm32f10x_hd.o(.text) referenced from startup_stm32f10x_hd.o(RESET)
 <LI><a href="#[33]">USB_LP_CAN1_RX0_IRQHandler</a> from startup_stm32f10x_hd.o(.text) referenced from startup_stm32f10x_hd.o(RESET)
 <LI><a href="#[1a]">UsageFault_Handler</a> from stm32f10x_it.o(i.UsageFault_Handler) referenced from startup_stm32f10x_hd.o(RESET)
 <LI><a href="#[75]">WM_HandlePID</a> from WM_Touch.o(.text.WM_HandlePID) referenced from GUI_PID.o(.text.GUI_PID_StoreState)
 <LI><a href="#[8b]">WM__Paint1</a> from WM.o(.text.WM__Paint1) referenced from WM.o(.text._Paint1)
 <LI><a href="#[1f]">WWDG_IRQHandler</a> from startup_stm32f10x_hd.o(.text) referenced from startup_stm32f10x_hd.o(RESET)
 <LI><a href="#[dd]">_CalcSizeOfChar</a> from GUI_UC_EncodeNone.o(.text._CalcSizeOfChar) referenced from GUI_UC_EncodeNone.o(.rodata)
 <LI><a href="#[aa]">_Color2IndexBulk</a> from GUICC_565.o(.text._Color2IndexBulk) referenced from GUICC_565.o(.rodata)
 <LI><a href="#[f4]">_Color2IndexBulk_M8888I</a> from GUICC_M8888I.o(.text._Color2IndexBulk_M8888I) referenced from GUICC_M8888I.o(.rodata)
 <LI><a href="#[f6]">_Color2Index_0</a> from GUICC_0.o(.text._Color2Index_0) referenced from GUICC_0.o(.rodata)
 <LI><a href="#[a7]">_Color2Index_565</a> from GUICC_565.o(.text._Color2Index_565) referenced from GUICC_565.o(.rodata)
 <LI><a href="#[f2]">_Color2Index_M8888I</a> from GUICC_M8888I.o(.text._Color2Index_M8888I) referenced from GUICC_M8888I.o(.rodata)
 <LI><a href="#[e]">_Create</a> from BUTTON_Skin.o(.text._Create) referenced 4 times from BUTTON_Skin.o(.data)
 <LI><a href="#[ce]">_Create</a> from FRAMEWIN_SkinClassic.o(.text._Create) referenced from FRAMEWIN_SkinClassic.o(.rodata)
 <LI><a href="#[bd]">_DrawBitmap</a> from GUIDRV_FlexColor.o(.text._DrawBitmap) referenced 4 times from GUIDRV_FlexColor.o(.rodata)
 <LI><a href="#[68]">_DrawBitmap</a> from GUIDRV_FlexColor_16bpp_C0B16.o(.text._DrawBitmap) referenced from GUIDRV_FlexColor_16bpp_C0B16.o(.text.GUIDRV_FlexColor_SetMode16bppC0B16)
 <LI><a href="#[10c]">_DrawDown</a> from WIDGET_Effect_Simple.o(.text._DrawDown) referenced from WIDGET_Effect_Simple.o(.rodata)
 <LI><a href="#[10d]">_DrawDownRect</a> from WIDGET_Effect_Simple.o(.text._DrawDownRect) referenced from WIDGET_Effect_Simple.o(.rodata)
 <LI><a href="#[be]">_DrawHLine</a> from GUIDRV_FlexColor.o(.text._DrawHLine) referenced 4 times from GUIDRV_FlexColor.o(.rodata)
 <LI><a href="#[71]">_DrawHLine</a> from GUIAA_Lib.o(.text._DrawHLine) referenced from GUIAA_Lib.o(.text.GUI_AA_Init)
 <LI><a href="#[10a]">_DrawUp</a> from WIDGET_Effect_Simple.o(.text._DrawUp) referenced from WIDGET_Effect_Simple.o(.rodata)
 <LI><a href="#[10b]">_DrawUpRect</a> from WIDGET_Effect_Simple.o(.text._DrawUpRect) referenced from WIDGET_Effect_Simple.o(.rodata)
 <LI><a href="#[bf]">_DrawVLine</a> from GUIDRV_FlexColor.o(.text._DrawVLine) referenced 4 times from GUIDRV_FlexColor.o(.rodata)
 <LI><a href="#[de]">_Encode</a> from GUI_UC_EncodeNone.o(.text._Encode) referenced from GUI_UC_EncodeNone.o(.rodata)
 <LI><a href="#[c0]">_FillRect</a> from GUIDRV_FlexColor.o(.text._FillRect) referenced 4 times from GUIDRV_FlexColor.o(.rodata)
 <LI><a href="#[69]">_FillRect</a> from GUIDRV_FlexColor_16bpp_C0B16.o(.text._FillRect) referenced from GUIDRV_FlexColor_16bpp_C0B16.o(.text.GUIDRV_FlexColor_SetMode16bppC0B16)
 <LI><a href="#[108]">_GUI_USAGE_BM_Delete</a> from GUIDEV_UsageBM.o(.text._GUI_USAGE_BM_Delete) referenced from GUIDEV_UsageBM.o(.rodata)
 <LI><a href="#[7]">_GetBorderSize</a> from FRAMEWIN_SkinClassic.o(.text._GetBorderSize) referenced 4 times from FRAMEWIN_SkinClassic.o(.data)
 <LI><a href="#[db]">_GetCharCode</a> from GUI_UC_EncodeNone.o(.text._GetCharCode) referenced from GUI_UC_EncodeNone.o(.rodata)
 <LI><a href="#[dc]">_GetCharSize</a> from GUI_UC_EncodeNone.o(.text._GetCharSize) referenced from GUI_UC_EncodeNone.o(.rodata)
 <LI><a href="#[c]">_GetCharWrap</a> from GUI__Wrap.o(.text._GetCharWrap) referenced 2 times from GUI__Wrap.o(.data)
 <LI><a href="#[c7]">_GetDevData</a> from GUIDRV_FlexColor.o(.text._GetDevData) referenced 4 times from GUIDRV_FlexColor.o(.rodata)
 <LI><a href="#[c5]">_GetDevFunc</a> from GUIDRV_FlexColor.o(.text._GetDevFunc) referenced 4 times from GUIDRV_FlexColor.o(.rodata)
 <LI><a href="#[84]">_GetDevFunc_Init</a> from GUIDRV_FlexColor.o(.text._GetDevFunc_Init) referenced from GUIDRV_FlexColor.o(.text._GetDevFunc)
 <LI><a href="#[81]">_GetDevFunc_Off</a> from GUIDRV_FlexColor.o(.text._GetDevFunc_Off) referenced from GUIDRV_FlexColor.o(.text._GetDevFunc)
 <LI><a href="#[87]">_GetDevFunc_On</a> from GUIDRV_FlexColor.o(.text._GetDevFunc_On) referenced from GUIDRV_FlexColor.o(.text._GetDevFunc)
 <LI><a href="#[8a]">_GetDevFunc_SetRect</a> from GUIDRV_FlexColor.o(.text._GetDevFunc_SetRect) referenced from GUIDRV_FlexColor.o(.text._GetDevFunc_SetRectOutside)
 <LI><a href="#[86]">_GetDevFunc_SetRectOutside</a> from GUIDRV_FlexColor.o(.text._GetDevFunc_SetRectOutside) referenced from GUIDRV_FlexColor.o(.text._GetDevFunc)
 <LI><a href="#[83]">_GetDevFunc_SetSize</a> from GUIDRV_FlexColor.o(.text._GetDevFunc_SetSize) referenced from GUIDRV_FlexColor.o(.text._GetDevFunc)
 <LI><a href="#[82]">_GetDevFunc_SetVSize</a> from GUIDRV_FlexColor.o(.text._GetDevFunc_SetVSize) referenced from GUIDRV_FlexColor.o(.text._GetDevFunc)
 <LI><a href="#[c6]">_GetDevProp</a> from GUIDRV_FlexColor.o(.text._GetDevProp) referenced 4 times from GUIDRV_FlexColor.o(.rodata)
 <LI><a href="#[f8]">_GetIndexMask_0</a> from GUICC_0.o(.text._GetIndexMask_0) referenced from GUICC_0.o(.rodata)
 <LI><a href="#[a9]">_GetIndexMask_565</a> from GUICC_565.o(.text._GetIndexMask_565) referenced from GUICC_565.o(.rodata)
 <LI><a href="#[f3]">_GetIndexMask_M8888I</a> from GUICC_M8888I.o(.text._GetIndexMask_M8888I) referenced from GUICC_M8888I.o(.rodata)
 <LI><a href="#[c1]">_GetPixelIndex</a> from GUIDRV_FlexColor.o(.text._GetPixelIndex) referenced 4 times from GUIDRV_FlexColor.o(.rodata)
 <LI><a href="#[c8]">_GetRect</a> from GUIDRV_FlexColor.o(.text._GetRect) referenced 4 times from GUIDRV_FlexColor.o(.rodata)
 <LI><a href="#[b]">_GetWordWrap</a> from GUI__Wrap.o(.text._GetWordWrap) referenced 2 times from GUI__Wrap.o(.data)
 <LI><a href="#[ab]">_Index2ColorBulk</a> from GUICC_565.o(.text._Index2ColorBulk) referenced from GUICC_565.o(.rodata)
 <LI><a href="#[f5]">_Index2ColorBulk_M8888I</a> from GUICC_M8888I.o(.text._Index2ColorBulk_M8888I) referenced from GUICC_M8888I.o(.rodata)
 <LI><a href="#[f7]">_Index2Color_0</a> from GUICC_0.o(.text._Index2Color_0) referenced from GUICC_0.o(.rodata)
 <LI><a href="#[ad]">_Log2PhysX_X0Y0S0</a> from GUIDRV_FlexColor.o(.text._Log2PhysX_X0Y0S0) referenced from GUIDRV_FlexColor.o(.rodata)
 <LI><a href="#[b1]">_Log2PhysX_X0Y0S1</a> from GUIDRV_FlexColor.o(.text._Log2PhysX_X0Y0S1) referenced from GUIDRV_FlexColor.o(.rodata)
 <LI><a href="#[af]">_Log2PhysX_X0Y1S0</a> from GUIDRV_FlexColor.o(.text._Log2PhysX_X0Y1S0) referenced from GUIDRV_FlexColor.o(.rodata)
 <LI><a href="#[b3]">_Log2PhysX_X0Y1S1</a> from GUIDRV_FlexColor.o(.text._Log2PhysX_X0Y1S1) referenced from GUIDRV_FlexColor.o(.rodata)
 <LI><a href="#[ae]">_Log2PhysX_X1Y0S0</a> from GUIDRV_FlexColor.o(.text._Log2PhysX_X1Y0S0) referenced from GUIDRV_FlexColor.o(.rodata)
 <LI><a href="#[b2]">_Log2PhysX_X1Y0S1</a> from GUIDRV_FlexColor.o(.text._Log2PhysX_X1Y0S1) referenced from GUIDRV_FlexColor.o(.rodata)
 <LI><a href="#[b0]">_Log2PhysX_X1Y1S0</a> from GUIDRV_FlexColor.o(.text._Log2PhysX_X1Y1S0) referenced from GUIDRV_FlexColor.o(.rodata)
 <LI><a href="#[b4]">_Log2PhysX_X1Y1S1</a> from GUIDRV_FlexColor.o(.text._Log2PhysX_X1Y1S1) referenced from GUIDRV_FlexColor.o(.rodata)
 <LI><a href="#[b5]">_Log2PhysY_X0Y0S0</a> from GUIDRV_FlexColor.o(.text._Log2PhysY_X0Y0S0) referenced from GUIDRV_FlexColor.o(.rodata)
 <LI><a href="#[b9]">_Log2PhysY_X0Y0S1</a> from GUIDRV_FlexColor.o(.text._Log2PhysY_X0Y0S1) referenced from GUIDRV_FlexColor.o(.rodata)
 <LI><a href="#[b7]">_Log2PhysY_X0Y1S0</a> from GUIDRV_FlexColor.o(.text._Log2PhysY_X0Y1S0) referenced from GUIDRV_FlexColor.o(.rodata)
 <LI><a href="#[bb]">_Log2PhysY_X0Y1S1</a> from GUIDRV_FlexColor.o(.text._Log2PhysY_X0Y1S1) referenced from GUIDRV_FlexColor.o(.rodata)
 <LI><a href="#[b6]">_Log2PhysY_X1Y0S0</a> from GUIDRV_FlexColor.o(.text._Log2PhysY_X1Y0S0) referenced from GUIDRV_FlexColor.o(.rodata)
 <LI><a href="#[ba]">_Log2PhysY_X1Y0S1</a> from GUIDRV_FlexColor.o(.text._Log2PhysY_X1Y0S1) referenced from GUIDRV_FlexColor.o(.rodata)
 <LI><a href="#[b8]">_Log2PhysY_X1Y1S0</a> from GUIDRV_FlexColor.o(.text._Log2PhysY_X1Y1S0) referenced from GUIDRV_FlexColor.o(.rodata)
 <LI><a href="#[bc]">_Log2PhysY_X1Y1S1</a> from GUIDRV_FlexColor.o(.text._Log2PhysY_X1Y1S1) referenced from GUIDRV_FlexColor.o(.rodata)
 <LI><a href="#[8]">_Log2VisBuffered</a> from GUI_CharLine.o(.text._Log2VisBuffered) referenced 2 times from GUI_CharLine.o(.data)
 <LI><a href="#[6f]">_OnExit</a> from GUI_Task.o(.text._OnExit) referenced from GUI_Task.o(.text.GUITASK_Init)
 <LI><a href="#[70]">_OnExit</a> from GUIAA_Lib.o(.text._OnExit) referenced from GUIAA_Lib.o(.text.GUI_AA_Init)
 <LI><a href="#[72]">_OnExit</a> from GUI_Cursor.o(.text._OnExit) referenced from GUI_Cursor.o(.text.GUI_CURSOR_SelectEx)
 <LI><a href="#[74]">_OnExit</a> from GUI_PID.o(.text._OnExit) referenced from GUI_PID.o(.text.GUI_PID_StoreState)
 <LI><a href="#[76]">_OnExit</a> from GUI_Core.o(.text._OnExit) referenced from GUI_Core.o(.text.GUI__Config)
 <LI><a href="#[79]">_OnExit</a> from GUI__Alpha.o(.text._OnExit) referenced from GUI__Alpha.o(.text.GUI__GetAlphaBuffer)
 <LI><a href="#[7a]">_OnExit</a> from LCD_Color.o(.text._OnExit) referenced from LCD_Color.o(.text.LCD_InitColors)
 <LI><a href="#[7e]">_OnExit</a> from WM.o(.text._OnExit) referenced from WM.o(.text.WM_Init)
 <LI><a href="#[3]">_OnTouchDefault</a> from BUTTON.o(.text._OnTouchDefault) referenced 2 times from BUTTON.o(.data)
 <LI><a href="#[d]">_Paint</a> from BUTTON_Skin.o(.text._Paint) referenced 4 times from BUTTON_Skin.o(.data)
 <LI><a href="#[cd]">_Paint</a> from FRAMEWIN_SkinClassic.o(.text._Paint) referenced from FRAMEWIN_SkinClassic.o(.rodata)
 <LI><a href="#[6c]">_ReadData</a> from GUIDRV_FlexColor_16bpp_C0B16.o(.text._ReadData) referenced from GUIDRV_FlexColor_16bpp_C0B16.o(.text.GUIDRV_FlexColor_SetMode16bppC0B16)
 <LI><a href="#[8d]">_ReadPixelCust_16bpp</a> from GUIDRV_FlexColor.o(.text._ReadPixelCust_16bpp) referenced from GUIDRV_FlexColor.o(.text._SetDevFunc)
 <LI><a href="#[8e]">_ReadPixelCust_18bpp</a> from GUIDRV_FlexColor.o(.text._ReadPixelCust_18bpp) referenced from GUIDRV_FlexColor.o(.text._SetDevFunc)
 <LI><a href="#[1]">_ReadPixel_16bpp_B16_I</a> from GUIDRV_FlexColor_Func66709.o(.text._ReadPixel_16bpp_B16_I) referenced 2 times from GUIDRV_FlexColor_Func66709.o(.data)
 <LI><a href="#[65]">_ReadPixel_16bpp_B8</a> from GUIDRV_FlexColor_Func66709.o(.text._ReadPixel_16bpp_B8) referenced from GUIDRV_FlexColor_Func66709.o(.text.GUIDRV_FlexColor_SetFunc66709)
 <LI><a href="#[8f]">_ReadRectCust_16bpp</a> from GUIDRV_FlexColor.o(.text._ReadRectCust_16bpp) referenced from GUIDRV_FlexColor.o(.text._SetDevFunc)
 <LI><a href="#[90]">_ReadRectCust_18bpp</a> from GUIDRV_FlexColor.o(.text._ReadRectCust_18bpp) referenced from GUIDRV_FlexColor.o(.text._SetDevFunc)
 <LI><a href="#[2]">_ReadRect_16bpp_B16_I</a> from GUIDRV_FlexColor_Func66709.o(.text._ReadRect_16bpp_B16_I) referenced 2 times from GUIDRV_FlexColor_Func66709.o(.data)
 <LI><a href="#[66]">_ReadRect_16bpp_B8</a> from GUIDRV_FlexColor_Func66709.o(.text._ReadRect_16bpp_B8) referenced from GUIDRV_FlexColor_Func66709.o(.text.GUIDRV_FlexColor_SetFunc66709)
 <LI><a href="#[e0]">_SetBkColor</a> from LCD.o(.text._SetBkColor) referenced from LCD.o(.rodata)
 <LI><a href="#[df]">_SetColor</a> from LCD.o(.text._SetColor) referenced from LCD.o(.rodata)
 <LI><a href="#[85]">_SetDevFunc</a> from GUIDRV_FlexColor.o(.text._SetDevFunc) referenced from GUIDRV_FlexColor.o(.text._GetDevFunc)
 <LI><a href="#[e1]">_SetDrawMode</a> from LCD.o(.text._SetDrawMode) referenced from LCD.o(.rodata)
 <LI><a href="#[67]">_SetInterface</a> from GUIDRV_FlexColor_Func66709.o(.text._SetInterface) referenced from GUIDRV_FlexColor_Func66709.o(.text.GUIDRV_FlexColor_SetFunc66709)
 <LI><a href="#[c4]">_SetOrg</a> from GUIDRV_FlexColor.o(.text._SetOrg) referenced 4 times from GUIDRV_FlexColor.o(.rodata)
 <LI><a href="#[64]">_SetOrientation</a> from GUIDRV_FlexColor_Func66709.o(.text._SetOrientation) referenced from GUIDRV_FlexColor_Func66709.o(.text.GUIDRV_FlexColor_SetFunc66709)
 <LI><a href="#[62]">_SetPhysRAMAddr</a> from GUIDRV_FlexColor_Func66709.o(.text._SetPhysRAMAddr) referenced from GUIDRV_FlexColor_Func66709.o(.text.GUIDRV_FlexColor_SetFunc66709)
 <LI><a href="#[c2]">_SetPixelIndex</a> from GUIDRV_FlexColor.o(.text._SetPixelIndex) referenced 4 times from GUIDRV_FlexColor.o(.rodata)
 <LI><a href="#[63]">_SetRect</a> from GUIDRV_FlexColor_Func66709.o(.text._SetRect) referenced from GUIDRV_FlexColor_Func66709.o(.text.GUIDRV_FlexColor_SetFunc66709)
 <LI><a href="#[93]">_SetReg_B16</a> from GUIDRV_FlexColor_Func66709.o(.text._SetReg_B16) referenced from GUIDRV_FlexColor_Func66709.o(.text._SetInterface)
 <LI><a href="#[91]">_SetReg_B8</a> from GUIDRV_FlexColor_Func66709.o(.text._SetReg_B8) referenced from GUIDRV_FlexColor_Func66709.o(.text._SetInterface)
 <LI><a href="#[6d]">_WriteData</a> from GUIDRV_FlexColor_16bpp_C0B16.o(.text._WriteData) referenced from GUIDRV_FlexColor_16bpp_C0B16.o(.text.GUIDRV_FlexColor_SetMode16bppC0B16)
 <LI><a href="#[94]">_WritePara_B16</a> from GUIDRV_FlexColor_Func66709.o(.text._WritePara_B16) referenced from GUIDRV_FlexColor_Func66709.o(.text._SetInterface)
 <LI><a href="#[92]">_WritePara_B8</a> from GUIDRV_FlexColor_Func66709.o(.text._WritePara_B8) referenced from GUIDRV_FlexColor_Func66709.o(.text._SetInterface)
 <LI><a href="#[c3]">_XorPixel</a> from GUIDRV_FlexColor.o(.text._XorPixel) referenced 4 times from GUIDRV_FlexColor.o(.rodata)
 <LI><a href="#[5d]">__main</a> from entry.o(.ARM.Collect$$$$00000000) referenced from startup_stm32f10x_hd.o(.text)
 <LI><a href="#[7d]">_cbBackWin</a> from WM.o(.text._cbBackWin) referenced from WM.o(.text.WM_Init)
 <LI><a href="#[a1]">_cbBkWin</a> from maintask.o(i._cbBkWin) referenced from maintask.o(i.Widget_Init)
 <LI><a href="#[a0]">_cbButton</a> from maintask.o(i._cbButton) referenced from maintask.o(i.Widget_Init)
 <LI><a href="#[9f]">_cbGraphFrame</a> from maintask.o(i._cbGraphFrame) referenced from maintask.o(i.Widget_Init)
 <LI><a href="#[7c]">_cbInvalidateOne</a> from WM_BringToTop.o(.text._cbInvalidateOne) referenced from WM_BringToTop.o(.text.WM_BringToTop)
 <LI><a href="#[7f]">_cbPaintMemDev</a> from WM.o(.text._cbPaintMemDev) referenced from WM.o(.text.WM__Paint)
 <LI><a href="#[a3]">_sputc</a> from printf3.o(i._sputc) referenced from printf3.o(i.__0sprintf$3)
 <LI><a href="#[a2]">fputc</a> from bsp_usart.o(i.fputc) referenced from printf3.o(i.__0printf$3)
 <LI><a href="#[5b]">main</a> from main.o(i.main) referenced from entry9a.o(.ARM.Collect$$$$0000000B)
 <LI><a href="#[9]">memcpy</a> from memmove.o(.text) referenced 2 times from GUI__Private.o(.data)
 <LI><a href="#[a]">memset</a> from memseta.o(.text) referenced 2 times from GUI__Private.o(.data)
 <LI><a href="#[a6]">prvIdleTask</a> from tasks.o(i.prvIdleTask) referenced from tasks.o(i.vTaskStartScheduler)
 <LI><a href="#[a5]">prvTaskExitError</a> from port.o(i.prvTaskExitError) referenced from port.o(i.pxPortInitialiseStack)
</UL>
<P>
<H3>
Global Symbols
</H3>
<P><STRONG><a name="[5d]"></a>__main</STRONG> (Thumb, 0 bytes, Stack size unknown bytes, entry.o(.ARM.Collect$$$$00000000))
<BR>[Address Reference Count : 1]<UL><LI> startup_stm32f10x_hd.o(.text)
</UL>
<P><STRONG><a name="[395]"></a>_main_stk</STRONG> (Thumb, 0 bytes, Stack size unknown bytes, entry2.o(.ARM.Collect$$$$00000001))

<P><STRONG><a name="[10e]"></a>_main_scatterload</STRONG> (Thumb, 0 bytes, Stack size unknown bytes, entry5.o(.ARM.Collect$$$$00000004))
<BR><BR>[Calls]<UL><LI><a href="#[10f]">&gt;&gt;</a>&nbsp;&nbsp;&nbsp;__scatterload
</UL>

<P><STRONG><a name="[11a]"></a>__main_after_scatterload</STRONG> (Thumb, 0 bytes, Stack size unknown bytes, entry5.o(.ARM.Collect$$$$00000004))
<BR><BR>[Called By]<UL><LI><a href="#[10f]">&gt;&gt;</a>&nbsp;&nbsp;&nbsp;__scatterload
</UL>

<P><STRONG><a name="[396]"></a>_main_clock</STRONG> (Thumb, 0 bytes, Stack size unknown bytes, entry7b.o(.ARM.Collect$$$$00000008))

<P><STRONG><a name="[397]"></a>_main_cpp_init</STRONG> (Thumb, 0 bytes, Stack size unknown bytes, entry8b.o(.ARM.Collect$$$$0000000A))

<P><STRONG><a name="[398]"></a>_main_init</STRONG> (Thumb, 0 bytes, Stack size unknown bytes, entry9a.o(.ARM.Collect$$$$0000000B))

<P><STRONG><a name="[399]"></a>__rt_final_cpp</STRONG> (Thumb, 0 bytes, Stack size unknown bytes, entry10a.o(.ARM.Collect$$$$0000000D))

<P><STRONG><a name="[39a]"></a>__rt_final_exit</STRONG> (Thumb, 0 bytes, Stack size unknown bytes, entry11a.o(.ARM.Collect$$$$0000000F))

<P><STRONG><a name="[1b]"></a>SVC_Handler</STRONG> (Thumb, 32 bytes, Stack size 0 bytes, port.o(.emb_text))
<BR>[Address Reference Count : 1]<UL><LI> startup_stm32f10x_hd.o(RESET)
</UL>
<P><STRONG><a name="[391]"></a>__asm___6_port_c_39a90d8d__prvStartFirstTask</STRONG> (Thumb, 28 bytes, Stack size 0 bytes, port.o(.emb_text))
<BR><BR>[Called By]<UL><LI><a href="#[38f]">&gt;&gt;</a>&nbsp;&nbsp;&nbsp;xPortStartScheduler
</UL>

<P><STRONG><a name="[1d]"></a>PendSV_Handler</STRONG> (Thumb, 72 bytes, Stack size 0 bytes, port.o(.emb_text))
<BR><BR>[Stack]<UL><LI>Max Depth = 40<LI>Call Chain = PendSV_Handler &rArr; vTaskSwitchContext &rArr; __2printf
</UL>
<BR>[Calls]<UL><LI><a href="#[110]">&gt;&gt;</a>&nbsp;&nbsp;&nbsp;vTaskSwitchContext
</UL>
<BR>[Address Reference Count : 1]<UL><LI> startup_stm32f10x_hd.o(RESET)
</UL>
<P><STRONG><a name="[39b]"></a>vPortGetIPSR</STRONG> (Thumb, 6 bytes, Stack size 0 bytes, port.o(.emb_text), UNUSED)

<P><STRONG><a name="[15]"></a>Reset_Handler</STRONG> (Thumb, 8 bytes, Stack size 0 bytes, startup_stm32f10x_hd.o(.text))
<BR>[Address Reference Count : 1]<UL><LI> startup_stm32f10x_hd.o(RESET)
</UL>
<P><STRONG><a name="[31]"></a>ADC1_2_IRQHandler</STRONG> (Thumb, 0 bytes, Stack size 0 bytes, startup_stm32f10x_hd.o(.text))
<BR><BR>[Calls]<UL><LI><a href="#[31]">&gt;&gt;</a>&nbsp;&nbsp;&nbsp;ADC1_2_IRQHandler
</UL>
<BR>[Called By]<UL><LI><a href="#[31]">&gt;&gt;</a>&nbsp;&nbsp;&nbsp;ADC1_2_IRQHandler
</UL>
<BR>[Address Reference Count : 1]<UL><LI> startup_stm32f10x_hd.o(RESET)
</UL>
<P><STRONG><a name="[4e]"></a>ADC3_IRQHandler</STRONG> (Thumb, 0 bytes, Stack size 0 bytes, startup_stm32f10x_hd.o(.text))
<BR>[Address Reference Count : 1]<UL><LI> startup_stm32f10x_hd.o(RESET)
</UL>
<P><STRONG><a name="[34]"></a>CAN1_RX1_IRQHandler</STRONG> (Thumb, 0 bytes, Stack size 0 bytes, startup_stm32f10x_hd.o(.text))
<BR>[Address Reference Count : 1]<UL><LI> startup_stm32f10x_hd.o(RESET)
</UL>
<P><STRONG><a name="[35]"></a>CAN1_SCE_IRQHandler</STRONG> (Thumb, 0 bytes, Stack size 0 bytes, startup_stm32f10x_hd.o(.text))
<BR>[Address Reference Count : 1]<UL><LI> startup_stm32f10x_hd.o(RESET)
</UL>
<P><STRONG><a name="[2a]"></a>DMA1_Channel1_IRQHandler</STRONG> (Thumb, 0 bytes, Stack size 0 bytes, startup_stm32f10x_hd.o(.text))
<BR>[Address Reference Count : 1]<UL><LI> startup_stm32f10x_hd.o(RESET)
</UL>
<P><STRONG><a name="[2b]"></a>DMA1_Channel2_IRQHandler</STRONG> (Thumb, 0 bytes, Stack size 0 bytes, startup_stm32f10x_hd.o(.text))
<BR>[Address Reference Count : 1]<UL><LI> startup_stm32f10x_hd.o(RESET)
</UL>
<P><STRONG><a name="[2c]"></a>DMA1_Channel3_IRQHandler</STRONG> (Thumb, 0 bytes, Stack size 0 bytes, startup_stm32f10x_hd.o(.text))
<BR>[Address Reference Count : 1]<UL><LI> startup_stm32f10x_hd.o(RESET)
</UL>
<P><STRONG><a name="[2d]"></a>DMA1_Channel4_IRQHandler</STRONG> (Thumb, 0 bytes, Stack size 0 bytes, startup_stm32f10x_hd.o(.text))
<BR>[Address Reference Count : 1]<UL><LI> startup_stm32f10x_hd.o(RESET)
</UL>
<P><STRONG><a name="[2e]"></a>DMA1_Channel5_IRQHandler</STRONG> (Thumb, 0 bytes, Stack size 0 bytes, startup_stm32f10x_hd.o(.text))
<BR>[Address Reference Count : 1]<UL><LI> startup_stm32f10x_hd.o(RESET)
</UL>
<P><STRONG><a name="[2f]"></a>DMA1_Channel6_IRQHandler</STRONG> (Thumb, 0 bytes, Stack size 0 bytes, startup_stm32f10x_hd.o(.text))
<BR>[Address Reference Count : 1]<UL><LI> startup_stm32f10x_hd.o(RESET)
</UL>
<P><STRONG><a name="[30]"></a>DMA1_Channel7_IRQHandler</STRONG> (Thumb, 0 bytes, Stack size 0 bytes, startup_stm32f10x_hd.o(.text))
<BR>[Address Reference Count : 1]<UL><LI> startup_stm32f10x_hd.o(RESET)
</UL>
<P><STRONG><a name="[57]"></a>DMA2_Channel1_IRQHandler</STRONG> (Thumb, 0 bytes, Stack size 0 bytes, startup_stm32f10x_hd.o(.text))
<BR>[Address Reference Count : 1]<UL><LI> startup_stm32f10x_hd.o(RESET)
</UL>
<P><STRONG><a name="[58]"></a>DMA2_Channel2_IRQHandler</STRONG> (Thumb, 0 bytes, Stack size 0 bytes, startup_stm32f10x_hd.o(.text))
<BR>[Address Reference Count : 1]<UL><LI> startup_stm32f10x_hd.o(RESET)
</UL>
<P><STRONG><a name="[59]"></a>DMA2_Channel3_IRQHandler</STRONG> (Thumb, 0 bytes, Stack size 0 bytes, startup_stm32f10x_hd.o(.text))
<BR>[Address Reference Count : 1]<UL><LI> startup_stm32f10x_hd.o(RESET)
</UL>
<P><STRONG><a name="[5a]"></a>DMA2_Channel4_5_IRQHandler</STRONG> (Thumb, 0 bytes, Stack size 0 bytes, startup_stm32f10x_hd.o(.text))
<BR>[Address Reference Count : 1]<UL><LI> startup_stm32f10x_hd.o(RESET)
</UL>
<P><STRONG><a name="[25]"></a>EXTI0_IRQHandler</STRONG> (Thumb, 0 bytes, Stack size 0 bytes, startup_stm32f10x_hd.o(.text))
<BR>[Address Reference Count : 1]<UL><LI> startup_stm32f10x_hd.o(RESET)
</UL>
<P><STRONG><a name="[47]"></a>EXTI15_10_IRQHandler</STRONG> (Thumb, 0 bytes, Stack size 0 bytes, startup_stm32f10x_hd.o(.text))
<BR>[Address Reference Count : 1]<UL><LI> startup_stm32f10x_hd.o(RESET)
</UL>
<P><STRONG><a name="[26]"></a>EXTI1_IRQHandler</STRONG> (Thumb, 0 bytes, Stack size 0 bytes, startup_stm32f10x_hd.o(.text))
<BR>[Address Reference Count : 1]<UL><LI> startup_stm32f10x_hd.o(RESET)
</UL>
<P><STRONG><a name="[27]"></a>EXTI2_IRQHandler</STRONG> (Thumb, 0 bytes, Stack size 0 bytes, startup_stm32f10x_hd.o(.text))
<BR>[Address Reference Count : 1]<UL><LI> startup_stm32f10x_hd.o(RESET)
</UL>
<P><STRONG><a name="[28]"></a>EXTI3_IRQHandler</STRONG> (Thumb, 0 bytes, Stack size 0 bytes, startup_stm32f10x_hd.o(.text))
<BR>[Address Reference Count : 1]<UL><LI> startup_stm32f10x_hd.o(RESET)
</UL>
<P><STRONG><a name="[29]"></a>EXTI4_IRQHandler</STRONG> (Thumb, 0 bytes, Stack size 0 bytes, startup_stm32f10x_hd.o(.text))
<BR>[Address Reference Count : 1]<UL><LI> startup_stm32f10x_hd.o(RESET)
</UL>
<P><STRONG><a name="[36]"></a>EXTI9_5_IRQHandler</STRONG> (Thumb, 0 bytes, Stack size 0 bytes, startup_stm32f10x_hd.o(.text))
<BR>[Address Reference Count : 1]<UL><LI> startup_stm32f10x_hd.o(RESET)
</UL>
<P><STRONG><a name="[23]"></a>FLASH_IRQHandler</STRONG> (Thumb, 0 bytes, Stack size 0 bytes, startup_stm32f10x_hd.o(.text))
<BR>[Address Reference Count : 1]<UL><LI> startup_stm32f10x_hd.o(RESET)
</UL>
<P><STRONG><a name="[4f]"></a>FSMC_IRQHandler</STRONG> (Thumb, 0 bytes, Stack size 0 bytes, startup_stm32f10x_hd.o(.text))
<BR>[Address Reference Count : 1]<UL><LI> startup_stm32f10x_hd.o(RESET)
</UL>
<P><STRONG><a name="[3f]"></a>I2C1_ER_IRQHandler</STRONG> (Thumb, 0 bytes, Stack size 0 bytes, startup_stm32f10x_hd.o(.text))
<BR>[Address Reference Count : 1]<UL><LI> startup_stm32f10x_hd.o(RESET)
</UL>
<P><STRONG><a name="[3e]"></a>I2C1_EV_IRQHandler</STRONG> (Thumb, 0 bytes, Stack size 0 bytes, startup_stm32f10x_hd.o(.text))
<BR>[Address Reference Count : 1]<UL><LI> startup_stm32f10x_hd.o(RESET)
</UL>
<P><STRONG><a name="[41]"></a>I2C2_ER_IRQHandler</STRONG> (Thumb, 0 bytes, Stack size 0 bytes, startup_stm32f10x_hd.o(.text))
<BR>[Address Reference Count : 1]<UL><LI> startup_stm32f10x_hd.o(RESET)
</UL>
<P><STRONG><a name="[40]"></a>I2C2_EV_IRQHandler</STRONG> (Thumb, 0 bytes, Stack size 0 bytes, startup_stm32f10x_hd.o(.text))
<BR>[Address Reference Count : 1]<UL><LI> startup_stm32f10x_hd.o(RESET)
</UL>
<P><STRONG><a name="[20]"></a>PVD_IRQHandler</STRONG> (Thumb, 0 bytes, Stack size 0 bytes, startup_stm32f10x_hd.o(.text))
<BR>[Address Reference Count : 1]<UL><LI> startup_stm32f10x_hd.o(RESET)
</UL>
<P><STRONG><a name="[24]"></a>RCC_IRQHandler</STRONG> (Thumb, 0 bytes, Stack size 0 bytes, startup_stm32f10x_hd.o(.text))
<BR>[Address Reference Count : 1]<UL><LI> startup_stm32f10x_hd.o(RESET)
</UL>
<P><STRONG><a name="[48]"></a>RTCAlarm_IRQHandler</STRONG> (Thumb, 0 bytes, Stack size 0 bytes, startup_stm32f10x_hd.o(.text))
<BR>[Address Reference Count : 1]<UL><LI> startup_stm32f10x_hd.o(RESET)
</UL>
<P><STRONG><a name="[22]"></a>RTC_IRQHandler</STRONG> (Thumb, 0 bytes, Stack size 0 bytes, startup_stm32f10x_hd.o(.text))
<BR>[Address Reference Count : 1]<UL><LI> startup_stm32f10x_hd.o(RESET)
</UL>
<P><STRONG><a name="[42]"></a>SPI1_IRQHandler</STRONG> (Thumb, 0 bytes, Stack size 0 bytes, startup_stm32f10x_hd.o(.text))
<BR>[Address Reference Count : 1]<UL><LI> startup_stm32f10x_hd.o(RESET)
</UL>
<P><STRONG><a name="[43]"></a>SPI2_IRQHandler</STRONG> (Thumb, 0 bytes, Stack size 0 bytes, startup_stm32f10x_hd.o(.text))
<BR>[Address Reference Count : 1]<UL><LI> startup_stm32f10x_hd.o(RESET)
</UL>
<P><STRONG><a name="[52]"></a>SPI3_IRQHandler</STRONG> (Thumb, 0 bytes, Stack size 0 bytes, startup_stm32f10x_hd.o(.text))
<BR>[Address Reference Count : 1]<UL><LI> startup_stm32f10x_hd.o(RESET)
</UL>
<P><STRONG><a name="[21]"></a>TAMPER_IRQHandler</STRONG> (Thumb, 0 bytes, Stack size 0 bytes, startup_stm32f10x_hd.o(.text))
<BR>[Address Reference Count : 1]<UL><LI> startup_stm32f10x_hd.o(RESET)
</UL>
<P><STRONG><a name="[37]"></a>TIM1_BRK_IRQHandler</STRONG> (Thumb, 0 bytes, Stack size 0 bytes, startup_stm32f10x_hd.o(.text))
<BR>[Address Reference Count : 1]<UL><LI> startup_stm32f10x_hd.o(RESET)
</UL>
<P><STRONG><a name="[3a]"></a>TIM1_CC_IRQHandler</STRONG> (Thumb, 0 bytes, Stack size 0 bytes, startup_stm32f10x_hd.o(.text))
<BR>[Address Reference Count : 1]<UL><LI> startup_stm32f10x_hd.o(RESET)
</UL>
<P><STRONG><a name="[39]"></a>TIM1_TRG_COM_IRQHandler</STRONG> (Thumb, 0 bytes, Stack size 0 bytes, startup_stm32f10x_hd.o(.text))
<BR>[Address Reference Count : 1]<UL><LI> startup_stm32f10x_hd.o(RESET)
</UL>
<P><STRONG><a name="[38]"></a>TIM1_UP_IRQHandler</STRONG> (Thumb, 0 bytes, Stack size 0 bytes, startup_stm32f10x_hd.o(.text))
<BR>[Address Reference Count : 1]<UL><LI> startup_stm32f10x_hd.o(RESET)
</UL>
<P><STRONG><a name="[3b]"></a>TIM2_IRQHandler</STRONG> (Thumb, 0 bytes, Stack size 0 bytes, startup_stm32f10x_hd.o(.text))
<BR>[Address Reference Count : 1]<UL><LI> startup_stm32f10x_hd.o(RESET)
</UL>
<P><STRONG><a name="[3c]"></a>TIM3_IRQHandler</STRONG> (Thumb, 0 bytes, Stack size 0 bytes, startup_stm32f10x_hd.o(.text))
<BR>[Address Reference Count : 1]<UL><LI> startup_stm32f10x_hd.o(RESET)
</UL>
<P><STRONG><a name="[3d]"></a>TIM4_IRQHandler</STRONG> (Thumb, 0 bytes, Stack size 0 bytes, startup_stm32f10x_hd.o(.text))
<BR>[Address Reference Count : 1]<UL><LI> startup_stm32f10x_hd.o(RESET)
</UL>
<P><STRONG><a name="[51]"></a>TIM5_IRQHandler</STRONG> (Thumb, 0 bytes, Stack size 0 bytes, startup_stm32f10x_hd.o(.text))
<BR>[Address Reference Count : 1]<UL><LI> startup_stm32f10x_hd.o(RESET)
</UL>
<P><STRONG><a name="[56]"></a>TIM7_IRQHandler</STRONG> (Thumb, 0 bytes, Stack size 0 bytes, startup_stm32f10x_hd.o(.text))
<BR>[Address Reference Count : 1]<UL><LI> startup_stm32f10x_hd.o(RESET)
</UL>
<P><STRONG><a name="[4a]"></a>TIM8_BRK_IRQHandler</STRONG> (Thumb, 0 bytes, Stack size 0 bytes, startup_stm32f10x_hd.o(.text))
<BR>[Address Reference Count : 1]<UL><LI> startup_stm32f10x_hd.o(RESET)
</UL>
<P><STRONG><a name="[4d]"></a>TIM8_CC_IRQHandler</STRONG> (Thumb, 0 bytes, Stack size 0 bytes, startup_stm32f10x_hd.o(.text))
<BR>[Address Reference Count : 1]<UL><LI> startup_stm32f10x_hd.o(RESET)
</UL>
<P><STRONG><a name="[4c]"></a>TIM8_TRG_COM_IRQHandler</STRONG> (Thumb, 0 bytes, Stack size 0 bytes, startup_stm32f10x_hd.o(.text))
<BR>[Address Reference Count : 1]<UL><LI> startup_stm32f10x_hd.o(RESET)
</UL>
<P><STRONG><a name="[4b]"></a>TIM8_UP_IRQHandler</STRONG> (Thumb, 0 bytes, Stack size 0 bytes, startup_stm32f10x_hd.o(.text))
<BR>[Address Reference Count : 1]<UL><LI> startup_stm32f10x_hd.o(RESET)
</UL>
<P><STRONG><a name="[53]"></a>UART4_IRQHandler</STRONG> (Thumb, 0 bytes, Stack size 0 bytes, startup_stm32f10x_hd.o(.text))
<BR>[Address Reference Count : 1]<UL><LI> startup_stm32f10x_hd.o(RESET)
</UL>
<P><STRONG><a name="[54]"></a>UART5_IRQHandler</STRONG> (Thumb, 0 bytes, Stack size 0 bytes, startup_stm32f10x_hd.o(.text))
<BR>[Address Reference Count : 1]<UL><LI> startup_stm32f10x_hd.o(RESET)
</UL>
<P><STRONG><a name="[44]"></a>USART1_IRQHandler</STRONG> (Thumb, 0 bytes, Stack size 0 bytes, startup_stm32f10x_hd.o(.text))
<BR>[Address Reference Count : 1]<UL><LI> startup_stm32f10x_hd.o(RESET)
</UL>
<P><STRONG><a name="[45]"></a>USART2_IRQHandler</STRONG> (Thumb, 0 bytes, Stack size 0 bytes, startup_stm32f10x_hd.o(.text))
<BR>[Address Reference Count : 1]<UL><LI> startup_stm32f10x_hd.o(RESET)
</UL>
<P><STRONG><a name="[46]"></a>USART3_IRQHandler</STRONG> (Thumb, 0 bytes, Stack size 0 bytes, startup_stm32f10x_hd.o(.text))
<BR>[Address Reference Count : 1]<UL><LI> startup_stm32f10x_hd.o(RESET)
</UL>
<P><STRONG><a name="[49]"></a>USBWakeUp_IRQHandler</STRONG> (Thumb, 0 bytes, Stack size 0 bytes, startup_stm32f10x_hd.o(.text))
<BR>[Address Reference Count : 1]<UL><LI> startup_stm32f10x_hd.o(RESET)
</UL>
<P><STRONG><a name="[32]"></a>USB_HP_CAN1_TX_IRQHandler</STRONG> (Thumb, 0 bytes, Stack size 0 bytes, startup_stm32f10x_hd.o(.text))
<BR>[Address Reference Count : 1]<UL><LI> startup_stm32f10x_hd.o(RESET)
</UL>
<P><STRONG><a name="[33]"></a>USB_LP_CAN1_RX0_IRQHandler</STRONG> (Thumb, 0 bytes, Stack size 0 bytes, startup_stm32f10x_hd.o(.text))
<BR>[Address Reference Count : 1]<UL><LI> startup_stm32f10x_hd.o(RESET)
</UL>
<P><STRONG><a name="[1f]"></a>WWDG_IRQHandler</STRONG> (Thumb, 0 bytes, Stack size 0 bytes, startup_stm32f10x_hd.o(.text))
<BR>[Address Reference Count : 1]<UL><LI> startup_stm32f10x_hd.o(RESET)
</UL>
<P><STRONG><a name="[39c]"></a>____aeabi_memcpy4$ret$move</STRONG> (Thumb, 0 bytes, Stack size 8 bytes, memmove.o(.text), UNUSED)

<P><STRONG><a name="[39d]"></a>____aeabi_memcpy8$ret$move</STRONG> (Thumb, 0 bytes, Stack size 8 bytes, memmove.o(.text), UNUSED)

<P><STRONG><a name="[39e]"></a>___aeabi_memmove$ret</STRONG> (Thumb, 0 bytes, Stack size 8 bytes, memmove.o(.text), UNUSED)

<P><STRONG><a name="[39f]"></a>___aeabi_memmove4$ret</STRONG> (Thumb, 0 bytes, Stack size 8 bytes, memmove.o(.text), UNUSED)

<P><STRONG><a name="[3a0]"></a>___aeabi_memmove8$ret</STRONG> (Thumb, 0 bytes, Stack size 8 bytes, memmove.o(.text), UNUSED)

<P><STRONG><a name="[372]"></a>__aeabi_memcpy</STRONG> (Thumb, 66 bytes, Stack size 8 bytes, memmove.o(.text))
<BR><BR>[Stack]<UL><LI>Max Depth = 8<LI>Call Chain = __aeabi_memcpy
</UL>
<BR>[Called By]<UL><LI><a href="#[373]">&gt;&gt;</a>&nbsp;&nbsp;&nbsp;prvCopyDataToQueue
<LI><a href="#[371]">&gt;&gt;</a>&nbsp;&nbsp;&nbsp;prvCopyDataFromQueue
</UL>

<P><STRONG><a name="[9]"></a>memcpy</STRONG> (Thumb, 0 bytes, Stack size 8 bytes, memmove.o(.text))
<BR><BR>[Stack]<UL><LI>Max Depth = 8<LI>Call Chain = memcpy
</UL>
<BR>[Called By]<UL><LI><a href="#[183]">&gt;&gt;</a>&nbsp;&nbsp;&nbsp;GUIDRV_FlexColor_SetFunc
<LI><a href="#[18a]">&gt;&gt;</a>&nbsp;&nbsp;&nbsp;GUITASK_CopyContext
<LI><a href="#[228]">&gt;&gt;</a>&nbsp;&nbsp;&nbsp;GUI_RestoreContext
<LI><a href="#[235]">&gt;&gt;</a>&nbsp;&nbsp;&nbsp;GUI_SaveContext_W
</UL>
<BR>[Address Reference Count : 1]<UL><LI> GUI__Private.o(.data)
</UL>
<P><STRONG><a name="[2f6]"></a>memmove</STRONG> (Thumb, 0 bytes, Stack size 8 bytes, memmove.o(.text))
<BR><BR>[Stack]<UL><LI>Max Depth = 8<LI>Call Chain = memmove
</UL>
<BR>[Called By]<UL><LI><a href="#[1a5]">&gt;&gt;</a>&nbsp;&nbsp;&nbsp;_RemoveHoles
</UL>

<P><STRONG><a name="[112]"></a>__aeabi_memset</STRONG> (Thumb, 14 bytes, Stack size 0 bytes, memseta.o(.text))
<BR><BR>[Called By]<UL><LI><a href="#[379]">&gt;&gt;</a>&nbsp;&nbsp;&nbsp;prvInitialiseNewTask
<LI><a href="#[a]">&gt;&gt;</a>&nbsp;&nbsp;&nbsp;memset
<LI><a href="#[111]">&gt;&gt;</a>&nbsp;&nbsp;&nbsp;__aeabi_memclr
</UL>

<P><STRONG><a name="[3a1]"></a>__aeabi_memset4</STRONG> (Thumb, 0 bytes, Stack size 0 bytes, memseta.o(.text), UNUSED)

<P><STRONG><a name="[3a2]"></a>__aeabi_memset8</STRONG> (Thumb, 0 bytes, Stack size 0 bytes, memseta.o(.text), UNUSED)

<P><STRONG><a name="[111]"></a>__aeabi_memclr</STRONG> (Thumb, 4 bytes, Stack size 0 bytes, memseta.o(.text))
<BR><BR>[Calls]<UL><LI><a href="#[112]">&gt;&gt;</a>&nbsp;&nbsp;&nbsp;__aeabi_memset
</UL>
<BR>[Called By]<UL><LI><a href="#[331]">&gt;&gt;</a>&nbsp;&nbsp;&nbsp;DataToDisplay
</UL>

<P><STRONG><a name="[324]"></a>__aeabi_memclr4</STRONG> (Thumb, 0 bytes, Stack size 0 bytes, memseta.o(.text))
<BR><BR>[Called By]<UL><LI><a href="#[98]">&gt;&gt;</a>&nbsp;&nbsp;&nbsp;CPU_Task
<LI><a href="#[341]">&gt;&gt;</a>&nbsp;&nbsp;&nbsp;ILI9341_FSMC_Config
<LI><a href="#[259]">&gt;&gt;</a>&nbsp;&nbsp;&nbsp;LCD_X_Config
</UL>

<P><STRONG><a name="[3a3]"></a>__aeabi_memclr8</STRONG> (Thumb, 0 bytes, Stack size 0 bytes, memseta.o(.text), UNUSED)

<P><STRONG><a name="[a]"></a>memset</STRONG> (Thumb, 18 bytes, Stack size 8 bytes, memseta.o(.text))
<BR><BR>[Stack]<UL><LI>Max Depth = 8<LI>Call Chain = memset
</UL>
<BR>[Calls]<UL><LI><a href="#[112]">&gt;&gt;</a>&nbsp;&nbsp;&nbsp;__aeabi_memset
</UL>
<BR>[Called By]<UL><LI><a href="#[2ac]">&gt;&gt;</a>&nbsp;&nbsp;&nbsp;WM_GetId
<LI><a href="#[cf]">&gt;&gt;</a>&nbsp;&nbsp;&nbsp;_DrawBitmap
<LI><a href="#[d0]">&gt;&gt;</a>&nbsp;&nbsp;&nbsp;_DrawHLine
[...]
<LI>Call Chain = _Paint &rArr; GUI_SetFont &rArr; GUI_Lock &rArr; GUI_X_Lock &rArr; GUI_X_InitOS &rArr; xQueueCreateMutex &rArr; prvInitialiseMutex &rArr; xQueueGenericSend &rArr; prvUnlockQueue &rArr; xTaskRemoveFromEventList &rArr; __2printf
</UL>
<BR>[Calls]<UL><LI><a href="#[11d]">&gt;&gt;</a>&nbsp;&nbsp;&nbsp;GUI_ALLOC_UnlockH
<LI><a href="#[11c]">&gt;&gt;</a>&nbsp;&nbsp;&nbsp;GUI_ALLOC_LockH
<LI><a href="#[197]">&gt;&gt;</a>&nbsp;&nbsp;&nbsp;WM__GetNextIVR
<LI><a href="#[194]">&gt;&gt;</a>&nbsp;&nbsp;&nbsp;WM__InitIVRSearch
<LI><a href="#[134]">&gt;&gt;</a>&nbsp;&nbsp;&nbsp;GUI_SetFont
<LI><a href="#[137]">&gt;&gt;</a>&nbsp;&nbsp;&nbsp;GUI_SetTextMode
<LI><a href="#[2af]">&gt;&gt;</a>&nbsp;&nbsp;&nbsp;WM_GetWindowSizeX
<LI><a href="#[162]">&gt;&gt;</a>&nbsp;&nbsp;&nbsp;WM_GetWindowSizeY
<LI><a href="#[163]">&gt;&gt;</a>&nbsp;&nbsp;&nbsp;FRAMEWIN__GetTitleLimits
<LI><a href="#[15a]">&gt;&gt;</a>&nbsp;&nbsp;&nbsp;FRAMEWIN__CalcTitleHeight
</UL>
<BR>[Address Reference Count : 1]<UL><LI> FRAMEWIN_Skin.o(.data)
</UL>
<P><STRONG><a name="[28f]"></a>_DrawUpRect</STRONG> (Thumb, 120 bytes, Stack size unknown bytes, WIDGET_Effect_3D.o(.text._DrawUpRect))
<BR><BR>[Stack]<UL><LI>Max Depth = 152 + Unknown Stack Size
<LI>Call Chain = _DrawUpRect &rArr; GUI_DrawVLine &rArr; GUI_Lock &rArr; GUI_X_Lock &rArr; GUI_X_InitOS &rArr; xQueueCreateMutex &rArr; prvInitialiseMutex &rArr; xQueueGenericSend &rArr; prvUnlockQueue &rArr; xTaskRemoveFromEventList &rArr; __2printf
</UL>
<BR>[Calls]<UL><LI><a href="#[12e]">&gt;&gt;</a>&nbsp;&nbsp;&nbsp;GUI_DrawVLine
<LI><a href="#[12d]">&gt;&gt;</a>&nbsp;&nbsp;&nbsp;GUI_DrawHLine
<LI><a href="#[156]">&gt;&gt;</a>&nbsp;&nbsp;&nbsp;LCD_SetColor
<LI><a href="#[130]">&gt;&gt;</a>&nbsp;&nbsp;&nbsp;GUI_DrawRect
</UL>
<BR>[Called By]<UL><LI><a href="#[28e]">&gt;&gt;</a>&nbsp;&nbsp;&nbsp;WIDGET_EFFECT_3D_DrawUp
</UL>

<P><STRONG><a name="[f2]"></a>_Color2Index_M8888I</STRONG> (Thumb, 2 bytes, Stack size unknown bytes, GUICC_M8888I.o(.text._Color2Index_M8888I))
<BR>[Address Reference Count : 1]<UL><LI> GUICC_M8888I.o(.rodata)
</UL>
<P><STRONG><a name="[f3]"></a>_GetIndexMask_M8888I</STRONG> (Thumb, 6 bytes, Stack size unknown bytes, GUICC_M8888I.o(.text._GetIndexMask_M8888I))
<BR>[Address Reference Count : 1]<UL><LI> GUICC_M8888I.o(.rodata)
</UL>
<P><STRONG><a name="[f4]"></a>_Color2IndexBulk_M8888I</STRONG> (Thumb, 16 bytes, Stack size unknown bytes, GUICC_M8888I.o(.text._Color2IndexBulk_M8888I))
<BR>[Address Reference Count : 1]<UL><LI> GUICC_M8888I.o(.rodata)
</UL>
<P><STRONG><a name="[f5]"></a>_Index2ColorBulk_M8888I</STRONG> (Thumb, 16 bytes, Stack size unknown bytes, GUICC_M8888I.o(.text._Index2ColorBulk_M8888I))
<BR>[Address Reference Count : 1]<UL><LI> GUICC_M8888I.o(.rodata)
</UL>
<P><STRONG><a name="[f8]"></a>_GetIndexMask_0</STRONG> (Thumb, 82 bytes, Stack size unknown bytes, GUICC_0.o(.text._GetIndexMask_0))
<BR><BR>[Calls]<UL><LI><a href="#[26e]">&gt;&gt;</a>&nbsp;&nbsp;&nbsp;LCD_GetNumColors
</UL>
<BR>[Address Reference Count : 1]<UL><LI> GUICC_0.o(.rodata)
</UL>
<P><STRONG><a name="[f7]"></a>_Index2Color_0</STRONG> (Thumb, 30 bytes, Stack size unknown bytes, GUICC_0.o(.text._Index2Color_0))
<BR><BR>[Calls]<UL><LI><a href="#[271]">&gt;&gt;</a>&nbsp;&nbsp;&nbsp;LCD_GetPalette
<LI><a href="#[26e]">&gt;&gt;</a>&nbsp;&nbsp;&nbsp;LCD_GetNumColors
</UL>
<BR>[Address Reference Count : 1]<UL><LI> GUICC_0.o(.rodata)
</UL>
<P><STRONG><a name="[f6]"></a>_Color2Index_0</STRONG> (Thumb, 82 bytes, Stack size unknown bytes, GUICC_0.o(.text._Color2Index_0))
<BR><BR>[Calls]<UL><LI><a href="#[2e8]">&gt;&gt;</a>&nbsp;&nbsp;&nbsp;GUI_CalcColorDist
<LI><a href="#[271]">&gt;&gt;</a>&nbsp;&nbsp;&nbsp;LCD_GetPalette
<LI><a href="#[26e]">&gt;&gt;</a>&nbsp;&nbsp;&nbsp;LCD_GetNumColors
</UL>
<BR>[Address Reference Count : 1]<UL><LI> GUICC_0.o(.rodata)
</UL>
<P><STRONG><a name="[1d8]"></a>_DrawGradient</STRONG> (Thumb, 406 bytes, Stack size unknown bytes, GUI_DrawGradient.o(.text._DrawGradient))
<BR><BR>[Stack]<UL><LI>Max Depth = 152 + Unknown Stack Size
<LI>Call Chain = _DrawGradient &rArr; GUI_GetColor &rArr; GUI_Lock &rArr; GUI_X_Lock &rArr; GUI_X_InitOS &rArr; xQueueCreateMutex &rArr; prvInitialiseMutex &rArr; xQueueGenericSend &rArr; prvUnlockQueue &rArr; xTaskRemoveFromEventList &rArr; __2printf
</UL>
<BR>[Calls]<UL><LI><a href="#[188]">&gt;&gt;</a>&nbsp;&nbsp;&nbsp;GUI_GetColor
<LI><a href="#[186]">&gt;&gt;</a>&nbsp;&nbsp;&nbsp;LCD_FillRect
<LI><a href="#[156]">&gt;&gt;</a>&nbsp;&nbsp;&nbsp;LCD_SetColor
</UL>
<BR>[Called By]<UL><LI><a href="#[131]">&gt;&gt;</a>&nbsp;&nbsp;&nbsp;GUI_DrawGradientV
</UL>

<P><STRONG><a name="[23d]"></a>_Unlink</STRONG> (Thumb, 76 bytes, Stack size unknown bytes, GUI_Timer.o(.text._Unlink))
<BR><BR>[Calls]<UL><LI><a href="#[11d]">&gt;&gt;</a>&nbsp;&nbsp;&nbsp;GUI_ALLOC_UnlockH
<LI><a href="#[11c]">&gt;&gt;</a>&nbsp;&nbsp;&nbsp;GUI_ALLOC_LockH
</UL>
<BR>[Called By]<UL><LI><a href="#[23c]">&gt;&gt;</a>&nbsp;&nbsp;&nbsp;GUI_TIMER_Delete
</UL>

<P><STRONG><a name="[79]"></a>_OnExit</STRONG> (Thumb, 40 bytes, Stack size unknown bytes, GUI__Alpha.o(.text._OnExit))
<BR><BR>[Calls]<UL><LI><a href="#[1be]">&gt;&gt;</a>&nbsp;&nbsp;&nbsp;GUI_ALLOC_FreeFixedBlock
</UL>
<BR>[Address Reference Count : 1]<UL><LI> GUI__Alpha.o(.text.GUI__GetAlphaBuffer)
</UL>
<P><STRONG><a name="[25e]"></a>_GetTwinArcPara</STRONG> (Thumb, 84 bytes, Stack size unknown bytes, GUI__DrawTwinArc.o(.text._GetTwinArcPara))
<BR><BR>[Calls]<UL><LI><a href="#[2f4]">&gt;&gt;</a>&nbsp;&nbsp;&nbsp;GUI__sqrt32
</UL>
<BR>[Called By]<UL><LI><a href="#[151]">&gt;&gt;</a>&nbsp;&nbsp;&nbsp;GUI__DrawTwinArc2
<LI><a href="#[12b]">&gt;&gt;</a>&nbsp;&nbsp;&nbsp;GUI__DrawTwinArc4
</UL>

<P><STRONG><a name="[103]"></a>_GetDevData</STRONG> (Thumb, 16 bytes, Stack size unknown bytes, GUIDEV_32.o(.text._GetDevData))
<BR>[Address Reference Count : 1]<UL><LI> GUIDEV_32.o(.rodata)
</UL>
<P><STRONG><a name="[101]"></a>_GetDevFunc</STRONG> (Thumb, 16 bytes, Stack size unknown bytes, GUIDEV_32.o(.text._GetDevFunc))
<BR>[Address Reference Count : 1]<UL><LI> GUIDEV_32.o(.rodata)
</UL>
<P><STRONG><a name="[102]"></a>_GetDevProp</STRONG> (Thumb, 10 bytes, Stack size unknown bytes, GUIDEV_32.o(.text._GetDevProp))
<BR>[Address Reference Count : 1]<UL><LI> GUIDEV_32.o(.rodata)
</UL>
<P><STRONG><a name="[100]"></a>_SetOrg</STRONG> (Thumb, 8 bytes, Stack size unknown bytes, GUIDEV_32.o(.text._SetOrg))
<BR>[Address Reference Count : 1]<UL><LI> GUIDEV_32.o(.rodata)
</UL>
<P><STRONG><a name="[104]"></a>_GetRect</STRONG> (Thumb, 54 bytes, Stack size unknown bytes, GUIDEV_32.o(.text._GetRect))
<BR><BR>[Calls]<UL><LI><a href="#[11d]">&gt;&gt;</a>&nbsp;&nbsp;&nbsp;GUI_ALLOC_UnlockH
<LI><a href="#[11c]">&gt;&gt;</a>&nbsp;&nbsp;&nbsp;GUI_ALLOC_LockH
</UL>
<BR>[Address Reference Count : 1]<UL><LI> GUIDEV_32.o(.rodata)
</UL>
<P><STRONG><a name="[2ef]"></a>_XY2PTR</STRONG> (Thumb, 64 bytes, Stack size unknown bytes, GUIDEV_32.o(.text._XY2PTR))
<BR><BR>[Calls]<UL><LI><a href="#[11d]">&gt;&gt;</a>&nbsp;&nbsp;&nbsp;GUI_ALLOC_UnlockH
<LI><a href="#[11c]">&gt;&gt;</a>&nbsp;&nbsp;&nbsp;GUI_ALLOC_LockH
</UL>
<BR>[Called By]<UL><LI><a href="#[f9]">&gt;&gt;</a>&nbsp;&nbsp;&nbsp;_DrawBitmap
<LI><a href="#[fc]">&gt;&gt;</a>&nbsp;&nbsp;&nbsp;_FillRect
<LI><a href="#[fb]">&gt;&gt;</a>&nbsp;&nbsp;&nbsp;_DrawVLine
<LI><a href="#[fe]">&gt;&gt;</a>&nbsp;&nbsp;&nbsp;_SetPixelIndex
<LI><a href="#[ff]">&gt;&gt;</a>&nbsp;&nbsp;&nbsp;_XorPixel
<LI><a href="#[fd]">&gt;&gt;</a>&nbsp;&nbsp;&nbsp;_GetPixelIndex
</UL>

<P><STRONG><a name="[fd]"></a>_GetPixelIndex</STRONG> (Thumb, 14 bytes, Stack size unknown bytes, GUIDEV_32.o(.text._GetPixelIndex))
<BR><BR>[Calls]<UL><LI><a href="#[2ef]">&gt;&gt;</a>&nbsp;&nbsp;&nbsp;_XY2PTR
</UL>
<BR>[Address Reference Count : 1]<UL><LI> GUIDEV_32.o(.rodata)
</UL>
<P><STRONG><a name="[ff]"></a>_XorPixel</STRONG> (Thumb, 92 bytes, Stack size unknown bytes, GUIDEV_32.o(.text._XorPixel))
<BR><BR>[Calls]<UL><LI><a href="#[11d]">&gt;&gt;</a>&nbsp;&nbsp;&nbsp;GUI_ALLOC_UnlockH
<LI><a href="#[11c]">&gt;&gt;</a>&nbsp;&nbsp;&nbsp;GUI_ALLOC_LockH
<LI><a href="#[2ef]">&gt;&gt;</a>&nbsp;&nbsp;&nbsp;_XY2PTR
</UL>
<BR>[Address Reference Count : 1]<UL><LI> GUIDEV_32.o(.rodata)
</UL>
<P><STRONG><a name="[fe]"></a>_SetPixelIndex</STRONG> (Thumb, 76 bytes, Stack size unknown bytes, GUIDEV_32.o(.text._SetPixelIndex))
<BR><BR>[Calls]<UL><LI><a href="#[11d]">&gt;&gt;</a>&nbsp;&nbsp;&nbsp;GUI_ALLOC_UnlockH
<LI><a href="#[11c]">&gt;&gt;</a>&nbsp;&nbsp;&nbsp;GUI_ALLOC_LockH
<LI><a href="#[2ef]">&gt;&gt;</a>&nbsp;&nbsp;&nbsp;_XY2PTR
</UL>
<BR>[Address Reference Count : 1]<UL><LI> GUIDEV_32.o(.rodata)
</UL>
<P><STRONG><a name="[fb]"></a>_DrawVLine</STRONG> (Thumb, 180 bytes, Stack size unknown bytes, GUIDEV_32.o(.text._DrawVLine))
<BR><BR>[Calls]<UL><LI><a href="#[11d]">&gt;&gt;</a>&nbsp;&nbsp;&nbsp;GUI_ALLOC_UnlockH
<LI><a href="#[11c]">&gt;&gt;</a>&nbsp;&nbsp;&nbsp;GUI_ALLOC_LockH
<LI><a href="#[2ef]">&gt;&gt;</a>&nbsp;&nbsp;&nbsp;_XY2PTR
</UL>
<BR>[Address Reference Count : 1]<UL><LI> GUIDEV_32.o(.rodata)
</UL>
<P><STRONG><a name="[fc]"></a>_FillRect</STRONG> (Thumb, 180 bytes, Stack size unknown bytes, GUIDEV_32.o(.text._FillRect))
<BR><BR>[Calls]<UL><LI><a href="#[11d]">&gt;&gt;</a>&nbsp;&nbsp;&nbsp;GUI_ALLOC_UnlockH
<LI><a href="#[11c]">&gt;&gt;</a>&nbsp;&nbsp;&nbsp;GUI_ALLOC_LockH
<LI><a href="#[2ed]">&gt;&gt;</a>&nbsp;&nbsp;&nbsp;GUI_USAGE_AddRect
<LI><a href="#[2ef]">&gt;&gt;</a>&nbsp;&nbsp;&nbsp;_XY2PTR
</UL>
<BR>[Called By]<UL><LI><a href="#[fa]">&gt;&gt;</a>&nbsp;&nbsp;&nbsp;_DrawHLine
</UL>
<BR>[Address Reference Count : 1]<UL><LI> GUIDEV_32.o(.rodata)
</UL>
<P><STRONG><a name="[fa]"></a>_DrawHLine</STRONG> (Thumb, 14 bytes, Stack size unknown bytes, GUIDEV_32.o(.text._DrawHLine))
<BR><BR>[Calls]<UL><LI><a href="#[fc]">&gt;&gt;</a>&nbsp;&nbsp;&nbsp;_FillRect
</UL>
<BR>[Address Reference Count : 1]<UL><LI> GUIDEV_32.o(.rodata)
</UL>
<P><STRONG><a name="[f9]"></a>_DrawBitmap</STRONG> (Thumb, 1818 bytes, Stack size unknown bytes, GUIDEV_32.o(.text._DrawBitmap))
<BR><BR>[Calls]<UL><LI><a href="#[11d]">&gt;&gt;</a>&nbsp;&nbsp;&nbsp;GUI_ALLOC_UnlockH
<LI><a href="#[11c]">&gt;&gt;</a>&nbsp;&nbsp;&nbsp;GUI_ALLOC_LockH
<LI><a href="#[2ed]">&gt;&gt;</a>&nbsp;&nbsp;&nbsp;GUI_USAGE_AddRect
<LI><a href="#[2ef]">&gt;&gt;</a>&nbsp;&nbsp;&nbsp;_XY2PTR
</UL>
<BR>[Address Reference Count : 1]<UL><LI> GUIDEV_32.o(.rodata)
</UL>
<P><STRONG><a name="[105]"></a>GUI_USAGE_BM_AddPixel</STRONG> (Thumb, 40 bytes, Stack size unknown bytes, GUIDEV_UsageBM.o(.text.GUI_USAGE_BM_AddPixel))
<BR>[Address Reference Count : 1]<UL><LI> GUIDEV_UsageBM.o(.rodata)
</UL>
<P><STRONG><a name="[109]"></a>GUI_USAGE_BM_GetNextDirty</STRONG> (Thumb, 156 bytes, Stack size unknown bytes, GUIDEV_UsageBM.o(.text.GUI_USAGE_BM_GetNextDirty))
<BR>[Address Reference Count : 1]<UL><LI> GUIDEV_UsageBM.o(.rodata)
</UL>
<P><STRONG><a name="[108]"></a>_GUI_USAGE_BM_Delete</STRONG> (Thumb, 4 bytes, Stack size unknown bytes, GUIDEV_UsageBM.o(.text._GUI_USAGE_BM_Delete))
<BR><BR>[Stack]<UL><LI>Max Depth = 152 + Unknown Stack Size
<LI>Call Chain = _GUI_USAGE_BM_Delete &rArr; GUI_ALLOC_Free &rArr; GUI_Lock &rArr; GUI_X_Lock &rArr; GUI_X_InitOS &rArr; xQueueCreateMutex &rArr; prvInitialiseMutex &rArr; xQueueGenericSend &rArr; prvUnlockQueue &rArr; xTaskRemoveFromEventList &rArr; __2printf
</UL>
<BR>[Calls]<UL><LI><a href="#[1a1]">&gt;&gt;</a>&nbsp;&nbsp;&nbsp;GUI_ALLOC_Free
</UL>
<BR>[Address Reference Count : 1]<UL><LI> GUIDEV_UsageBM.o(.rodata)
</UL>
<P><STRONG><a name="[107]"></a>GUI_USAGE_BM_Clear</STRONG> (Thumb, 16 bytes, Stack size unknown bytes, GUIDEV_UsageBM.o(.text.GUI_USAGE_BM_Clear))
<BR><BR>[Stack]<UL><LI>Max Depth = 8 + Unknown Stack Size
<LI>Call Chain = GUI_USAGE_BM_Clear &rArr; memset
</UL>
<BR>[Calls]<UL><LI><a href="#[a]">&gt;&gt;</a>&nbsp;&nbsp;&nbsp;memset
</UL>
<BR>[Address Reference Count : 1]<UL><LI> GUIDEV_UsageBM.o(.rodata)
</UL>
<P><STRONG><a name="[106]"></a>GUI_USAGE_BM_AddHLine</STRONG> (Thumb, 120 bytes, Stack size unknown bytes, GUIDEV_UsageBM.o(.text.GUI_USAGE_BM_AddHLine))
<BR><BR>[Stack]<UL><LI>Max Depth = 8 + Unknown Stack Size
<LI>Call Chain = GUI_USAGE_BM_AddHLine &rArr; memset
</UL>
<BR>[Calls]<UL><LI><a href="#[a]">&gt;&gt;</a>&nbsp;&nbsp;&nbsp;memset
</UL>
<BR>[Address Reference Count : 1]<UL><LI> GUIDEV_UsageBM.o(.rodata)
</UL>
<P><STRONG><a name="[21f]"></a>_Convert16</STRONG> (Thumb, 62 bytes, Stack size unknown bytes, GUIDEV_WriteToActiveOpaque.o(.text._Convert16))
<BR><BR>[Calls]<UL><LI><a href="#[2e9]">&gt;&gt;</a>&nbsp;&nbsp;&nbsp;GUI__CompactPixelIndices
</UL>
<BR>[Called By]<UL><LI><a href="#[88]">&gt;&gt;</a>&nbsp;&nbsp;&nbsp;GUI_MEMDEV__WriteToActiveOpaque
</UL>

<P><STRONG><a name="[220]"></a>_Convert8</STRONG> (Thumb, 66 bytes, Stack size unknown bytes, GUIDEV_WriteToActiveOpaque.o(.text._Convert8))
<BR><BR>[Calls]<UL><LI><a href="#[2e9]">&gt;&gt;</a>&nbsp;&nbsp;&nbsp;GUI__CompactPixelIndices
</UL>
<BR>[Called By]<UL><LI><a href="#[88]">&gt;&gt;</a>&nbsp;&nbsp;&nbsp;GUI_MEMDEV__WriteToActiveOpaque
</UL>

<P><STRONG><a name="[2cb]"></a>_Screen2hWin</STRONG> (Thumb, 96 bytes, Stack size unknown bytes, WM_Screen2Win.o(.text._Screen2hWin))
<BR><BR>[Calls]<UL><LI><a href="#[11d]">&gt;&gt;</a>&nbsp;&nbsp;&nbsp;GUI_ALLOC_UnlockH
<LI><a href="#[11c]">&gt;&gt;</a>&nbsp;&nbsp;&nbsp;GUI_ALLOC_LockH
<LI><a href="#[1a8]">&gt;&gt;</a>&nbsp;&nbsp;&nbsp;GUI_ALLOC_h2p
<LI><a href="#[2f7]">&gt;&gt;</a>&nbsp;&nbsp;&nbsp;WM__IsInWindow
<LI><a href="#[2cb]">&gt;&gt;</a>&nbsp;&nbsp;&nbsp;_Screen2hWin
</UL>
<BR>[Called By]<UL><LI><a href="#[2b4]">&gt;&gt;</a>&nbsp;&nbsp;&nbsp;WM_Screen2hWin
<LI><a href="#[2cb]">&gt;&gt;</a>&nbsp;&nbsp;&nbsp;_Screen2hWin
</UL>

<P><STRONG><a name="[2c8]"></a>WM__ReleaseCapture</STRONG> (Thumb, 48 bytes, Stack size unknown bytes, WM_SetCapture.o(.text.WM__ReleaseCapture))
<BR><BR>[Calls]<UL><LI><a href="#[143]">&gt;&gt;</a>&nbsp;&nbsp;&nbsp;WM__SendMessage
</UL>
<BR>[Called By]<UL><LI><a href="#[2b8]">&gt;&gt;</a>&nbsp;&nbsp;&nbsp;WM_ReleaseCapture
<LI><a href="#[2cf]">&gt;&gt;</a>&nbsp;&nbsp;&nbsp;WM_SetCapture
</UL>

<P><STRONG><a name="[10d]"></a>_DrawDownRect</STRONG> (Thumb, 56 bytes, Stack size unknown bytes, WIDGET_Effect_Simple.o(.text._DrawDownRect))
<BR><BR>[Stack]<UL><LI>Max Depth = 152 + Unknown Stack Size
<LI>Call Chain = _DrawDownRect &rArr; GUI_DrawRect &rArr; GUI_Lock &rArr; GUI_X_Lock &rArr; GUI_X_InitOS &rArr; xQueueCreateMutex &rArr; prvInitialiseMutex &rArr; xQueueGenericSend &rArr; prvUnlockQueue &rArr; xTaskRemoveFromEventList &rArr; __2printf
</UL>
<BR>[Calls]<UL><LI><a href="#[156]">&gt;&gt;</a>&nbsp;&nbsp;&nbsp;LCD_SetColor
<LI><a href="#[228]">&gt;&gt;</a>&nbsp;&nbsp;&nbsp;GUI_RestoreContext
<LI><a href="#[235]">&gt;&gt;</a>&nbsp;&nbsp;&nbsp;GUI_SaveContext_W
<LI><a href="#[130]">&gt;&gt;</a>&nbsp;&nbsp;&nbsp;GUI_DrawRect
</UL>
<BR>[Called By]<UL><LI><a href="#[10c]">&gt;&gt;</a>&nbsp;&nbsp;&nbsp;_DrawDown
<LI><a href="#[10b]">&gt;&gt;</a>&nbsp;&nbsp;&nbsp;_DrawUpRect
</UL>
<BR>[Address Reference Count : 1]<UL><LI> WIDGET_Effect_Simple.o(.rodata)
</UL>
<P><STRONG><a name="[10b]"></a>_DrawUpRect</STRONG> (Thumb, 4 bytes, Stack size unknown bytes, WIDGET_Effect_Simple.o(.text._DrawUpRect))
<BR><BR>[Stack]<UL><LI>Max Depth = 152 + Unknown Stack Size
<LI>Call Chain = _DrawUpRect &rArr; _DrawDownRect &rArr; GUI_DrawRect &rArr; GUI_Lock &rArr; GUI_X_Lock &rArr; GUI_X_InitOS &rArr; xQueueCreateMutex &rArr; prvInitialiseMutex &rArr; xQueueGenericSend &rArr; prvUnlockQueue &rArr; xTaskRemoveFromEventList &rArr; __2printf
</UL>
<BR>[Calls]<UL><LI><a href="#[10d]">&gt;&gt;</a>&nbsp;&nbsp;&nbsp;_DrawDownRect
</UL>
<BR>[Address Reference Count : 1]<UL><LI> WIDGET_Effect_Simple.o(.rodata)
</UL>
<P><STRONG><a name="[10c]"></a>_DrawDown</STRONG> (Thumb, 20 bytes, Stack size unknown bytes, WIDGET_Effect_Simple.o(.text._DrawDown))
<BR><BR>[Stack]<UL><LI>Max Depth = 152 + Unknown Stack Size
<LI>Call Chain = _DrawDown &rArr; WM_GetClientRect &rArr; GUI_Lock &rArr; GUI_X_Lock &rArr; GUI_X_InitOS &rArr; xQueueCreateMutex &rArr; prvInitialiseMutex &rArr; xQueueGenericSend &rArr; prvUnlockQueue &rArr; xTaskRemoveFromEventList &rArr; __2printf
</UL>
<BR>[Calls]<UL><LI><a href="#[1e4]">&gt;&gt;</a>&nbsp;&nbsp;&nbsp;WM_GetClientRect
<LI><a href="#[10d]">&gt;&gt;</a>&nbsp;&nbsp;&nbsp;_DrawDownRect
</UL>
<BR>[Called By]<UL><LI><a href="#[10a]">&gt;&gt;</a>&nbsp;&nbsp;&nbsp;_DrawUp
</UL>
<BR>[Address Reference Count : 1]<UL><LI> WIDGET_Effect_Simple.o(.rodata)
</UL>
<P><STRONG><a name="[10a]"></a>_DrawUp</STRONG> (Thumb, 4 bytes, Stack size unknown bytes, WIDGET_Effect_Simple.o(.text._DrawUp))
<BR><BR>[Stack]<UL><LI>Max Depth = 152 + Unknown Stack Size
<LI>Call Chain = _DrawUp &rArr; _DrawDown &rArr; WM_GetClientRect &rArr; GUI_Lock &rArr; GUI_X_Lock &rArr; GUI_X_InitOS &rArr; xQueueCreateMutex &rArr; prvInitialiseMutex &rArr; xQueueGenericSend &rArr; prvUnlockQueue &rArr; xTaskRemoveFromEventList &rArr; __2printf
</UL>
<BR>[Calls]<UL><LI><a href="#[10c]">&gt;&gt;</a>&nbsp;&nbsp;&nbsp;_DrawDown
</UL>
<BR>[Address Reference Count : 1]<UL><LI> WIDGET_Effect_Simple.o(.rodata)
</UL>
<P><STRONG><a name="[227]"></a>LCD_ReadRectEx</STRONG> (Thumb, 420 bytes, Stack size unknown bytes, LCD_ReadRect.o(.text.LCD_ReadRectEx))
<BR><BR>[Calls]<UL><LI><a href="#[21c]">&gt;&gt;</a>&nbsp;&nbsp;&nbsp;GUI_GetBitsPerPixelEx
</UL>
<BR>[Called By]<UL><LI><a href="#[226]">&gt;&gt;</a>&nbsp;&nbsp;&nbsp;GUI_ReadRectEx
</UL>

<P><STRONG><a name="[21a]"></a>_ClipX</STRONG> (Thumb, 68 bytes, Stack size unknown bytes, GUIDEV_WriteToActiveAlpha.o(.text._ClipX))
<BR><BR>[Called By]<UL><LI><a href="#[219]">&gt;&gt;</a>&nbsp;&nbsp;&nbsp;_WriteToActiveAlpha
<LI><a href="#[89]">&gt;&gt;</a>&nbsp;&nbsp;&nbsp;GUI_MEMDEV__WriteToActiveAlpha
</UL>

<P><STRONG><a name="[21b]"></a>_ClipY</STRONG> (Thumb, 68 bytes, Stack size unknown bytes, GUIDEV_WriteToActiveAlpha.o(.text._ClipY))
<BR><BR>[Called By]<UL><LI><a href="#[219]">&gt;&gt;</a>&nbsp;&nbsp;&nbsp;_WriteToActiveAlpha
<LI><a href="#[89]">&gt;&gt;</a>&nbsp;&nbsp;&nbsp;GUI_MEMDEV__WriteToActiveAlpha
</UL>

<P><STRONG><a name="[219]"></a>_WriteToActiveAlpha</STRONG> (Thumb, 328 bytes, Stack size unknown bytes, GUIDEV_WriteToActiveAlpha.o(.text._WriteToActiveAlpha))
<BR><BR>[Stack]<UL><LI>Max Depth = 152 + Unknown Stack Size
<LI>Call Chain = _WriteToActiveAlpha &rArr; GUI_MEMDEV_GetDataPtr &rArr; GUI_Lock &rArr; GUI_X_Lock &rArr; GUI_X_InitOS &rArr; xQueueCreateMutex &rArr; prvInitialiseMutex &rArr; xQueueGenericSend &rArr; prvUnlockQueue &rArr; xTaskRemoveFromEventList &rArr; __2printf
</UL>
<BR>[Calls]<UL><LI><a href="#[11d]">&gt;&gt;</a>&nbsp;&nbsp;&nbsp;GUI_ALLOC_UnlockH
<LI><a href="#[11c]">&gt;&gt;</a>&nbsp;&nbsp;&nbsp;GUI_ALLOC_LockH
<LI><a href="#[170]">&gt;&gt;</a>&nbsp;&nbsp;&nbsp;LCD_DrawBitmap
<LI><a href="#[210]">&gt;&gt;</a>&nbsp;&nbsp;&nbsp;GUI_MEMDEV_GetDataPtr
<LI><a href="#[21b]">&gt;&gt;</a>&nbsp;&nbsp;&nbsp;_ClipY
<LI><a href="#[21a]">&gt;&gt;</a>&nbsp;&nbsp;&nbsp;_ClipX
<LI><a href="#[255]">&gt;&gt;</a>&nbsp;&nbsp;&nbsp;GUI__CompactPixelIndicesEx
<LI><a href="#[251]">&gt;&gt;</a>&nbsp;&nbsp;&nbsp;GUI__AllocAlphaBuffer
<LI><a href="#[25c]">&gt;&gt;</a>&nbsp;&nbsp;&nbsp;GUI__DoAlphaBlending
</UL>
<BR>[Called By]<UL><LI><a href="#[89]">&gt;&gt;</a>&nbsp;&nbsp;&nbsp;GUI_MEMDEV__WriteToActiveAlpha
</UL>

<P><STRONG><a name="[360]"></a>_printf_core</STRONG> (Thumb, 436 bytes, Stack size 96 bytes, printf3.o(i._printf_core), UNUSED)
<BR><BR>[Calls]<UL><LI><a href="#[362]">&gt;&gt;</a>&nbsp;&nbsp;&nbsp;__aeabi_uidivmod
</UL>
<BR>[Called By]<UL><LI><a href="#[361]">&gt;&gt;</a>&nbsp;&nbsp;&nbsp;__0sprintf$3
<LI><a href="#[35f]">&gt;&gt;</a>&nbsp;&nbsp;&nbsp;__0printf$3
</UL>

<P><STRONG><a name="[a3]"></a>_sputc</STRONG> (Thumb, 10 bytes, Stack size 0 bytes, printf3.o(i._sputc))
<BR><BR>[Called By]<UL><LI><a href="#[361]">&gt;&gt;</a>&nbsp;&nbsp;&nbsp;__0sprintf$3
</UL>
<BR>[Address Reference Count : 1]<UL><LI> printf3.o(i.__0sprintf$3)
</UL><P>
<H3>
Undefined Global Symbols
</H3><HR></body></html>
