<html>
<body>
<pre>
<h1>µVision Build Log</h1>
<h2>Tool Versions:</h2>
IDE-Version: ¦ÌVision V5.26.2.0
Copyright (C) 2018 ARM Ltd and ARM Germany GmbH. All rights reserved.
License Information: 11 godcreator, 11, LIC=HN0AE-5IZQG-WF9I7-E7N3D-8YHSQ-B5V0T
 
Tool Versions:
Toolchain:       MDK-ARM Plus  Version: 5.26.2.0
Toolchain Path:  F:\keil5\ARM\ARMCC\Bin
C Compiler:      Armcc.exe V5.06 update 6 (build 750)
Assembler:       Armasm.exe V5.06 update 6 (build 750)
Linker/Locator:  ArmLink.exe V5.06 update 6 (build 750)
Library Manager: ArmAr.exe V5.06 update 6 (build 750)
Hex Converter:   FromElf.exe V5.06 update 6 (build 750)
CPU DLL:         SARMCM3.DLL V5.26.2.0
Dialog DLL:      DCM.DLL V1.17.2.0
Target DLL:      CMSIS_AGDI.dll V1.30.6.0
Dialog DLL:      TCM.DLL V1.36.1.0
 
<h2>Project:</h2>
g:\github\stm32\stm32F1-simple_oscillograph\Project\RVMDK£¨uv5£©\Fire_F103.uvprojx
Project File Date:  01/20/2021

<h2>Output:</h2>
*** Using Compiler 'V5.06 update 6 (build 750)', folder: 'F:\keil5\ARM\ARMCC\Bin'
Build target 'Fire_F103'
assembling startup_stm32f10x_hd.s...
compiling core_cm3.c...
compiling system_stm32f10x.c...
compiling misc.c...
compiling stm32f10x_adc.c...
compiling stm32f10x_bkp.c...
compiling stm32f10x_can.c...
compiling stm32f10x_cec.c...
compiling stm32f10x_crc.c...
compiling stm32f10x_dac.c...
compiling stm32f10x_dbgmcu.c...
compiling stm32f10x_dma.c...
compiling stm32f10x_exti.c...
compiling stm32f10x_fsmc.c...
compiling stm32f10x_gpio.c...
compiling stm32f10x_flash.c...
compiling stm32f10x_iwdg.c...
compiling stm32f10x_i2c.c...
compiling stm32f10x_pwr.c...
compiling stm32f10x_rtc.c...
compiling stm32f10x_rcc.c...
compiling stm32f10x_sdio.c...
compiling stm32f10x_spi.c...
compiling stm32f10x_tim.c...
compiling stm32f10x_usart.c...
compiling stm32f10x_wwdg.c...
compiling stm32f10x_it.c...
compiling bsp_key.c...
compiling main.c...
compiling bsp_led.c...
compiling bsp_usart.c...
compiling bsp_spi_flash.c...
compiling bsp_ili9341_lcd.c...
compiling bsp_xpt2046_lcd.c...
compiling bsp_fsmc_sram.c...
compiling bsp_sdio_sdcard.c...
compiling bsp_beep.c...
compiling bsp_TiMbase.c...
compiling bsp_tpad.c...
compiling bsp_adc.c...
compiling croutine.c...
compiling bsp_dac.c...
compiling event_groups.c...
compiling list.c...
compiling queue.c...
compiling tasks.c...
compiling timers.c...
compiling heap_4.c...
compiling GUIConf.c...
compiling port.c...
compiling LCDConf_FlexColor.c...
compiling GUI_X_FreeRTOS.c...
compiling GUI_X_Touch_Analog.c...
compiling MainTask.c...
..\..\STemWin_Task\MainTask.c(79): warning:  #177-D: variable "NCode"  was declared but never referenced
      int NCode, Id;
..\..\STemWin_Task\MainTask.c(79): warning:  #177-D: variable "Id"  was declared but never referenced
      int NCode, Id;
..\..\STemWin_Task\MainTask.c(166): warning:  #177-D: variable "Rect"  was declared but never referenced
      GUI_RECT Rect;
..\..\STemWin_Task\MainTask.c(354): warning:  #177-D: variable "Rect"  was declared but never referenced
      GUI_RECT Rect;
..\..\STemWin_Task\MainTask.c(337): warning:  #177-D: function "DSO_Init"  was declared but never referenced
  static void DSO_Init(void)
..\..\STemWin_Task\MainTask.c(345): warning:  #177-D: function "Graph_Refresh_2"  was declared but never referenced
  static void Graph_Refresh_2(void *pData) 
..\..\STemWin_Task\MainTask.c: 6 warnings, 0 errors
compiling Touch_calibration.c...
compiling DataProcess.c...
..\..\STemWin_Task\DataProcess.c(41): warning:  #177-D: variable "y1"  was declared but never referenced
      double y1, y2, x0, x1, x2;
..\..\STemWin_Task\DataProcess.c(41): warning:  #177-D: variable "y2"  was declared but never referenced
      double y1, y2, x0, x1, x2;
..\..\STemWin_Task\DataProcess.c(41): warning:  #177-D: variable "x0"  was declared but never referenced
      double y1, y2, x0, x1, x2;
..\..\STemWin_Task\DataProcess.c(41): warning:  #177-D: variable "x1"  was declared but never referenced
      double y1, y2, x0, x1, x2;
..\..\STemWin_Task\DataProcess.c(41): warning:  #177-D: variable "x2"  was declared but never referenced
      double y1, y2, x0, x1, x2;
..\..\STemWin_Task\DataProcess.c: 5 warnings, 0 errors
linking...
Program Size: Code=82140 RO-data=29148 RW-data=956 ZI-data=55944  
FromELF: creating hex file...
"..\..\Output\Fire_F103.axf" - 0 Error(s), 11 Warning(s).

<h2>Software Packages used:</h2>

Package Vendor: Keil
                http://www.keil.com/pack/Keil.STM32F1xx_DFP.2.1.0.pack
                Keil.STM32F1xx_DFP.2.1.0
                STMicroelectronics STM32F1 Series Device Support, Drivers and Examples

<h2>Collection of Component include folders:</h2>
  .\RTE\_Fire_F103
  F:\keil5\ARM\PACK\Keil\STM32F1xx_DFP\2.1.0\Device\Include

<h2>Collection of Component Files used:</h2>
Build Time Elapsed:  00:00:20
</pre>
</body>
</html>
